Archive member included to satisfy reference by file (symbol)

d:/program files (x86)/gnu arm embedded toolchain/10 2021.10/bin/../lib/gcc/arm-none-eabi/10.3.1/../../../../arm-none-eabi/lib/thumb/v6-m/nofp\libc_nano.a(lib_a-exit.o)
                              d:/program files (x86)/gnu arm embedded toolchain/10 2021.10/bin/../lib/gcc/arm-none-eabi/10.3.1/../../../../arm-none-eabi/lib/thumb/v6-m/nofp/crt0.o (exit)
d:/program files (x86)/gnu arm embedded toolchain/10 2021.10/bin/../lib/gcc/arm-none-eabi/10.3.1/../../../../arm-none-eabi/lib/thumb/v6-m/nofp\libc_nano.a(lib_a-impure.o)
                              d:/program files (x86)/gnu arm embedded toolchain/10 2021.10/bin/../lib/gcc/arm-none-eabi/10.3.1/../../../../arm-none-eabi/lib/thumb/v6-m/nofp\libc_nano.a(lib_a-exit.o) (_global_impure_ptr)
d:/program files (x86)/gnu arm embedded toolchain/10 2021.10/bin/../lib/gcc/arm-none-eabi/10.3.1/../../../../arm-none-eabi/lib/thumb/v6-m/nofp\libc_nano.a(lib_a-init.o)
                              d:/program files (x86)/gnu arm embedded toolchain/10 2021.10/bin/../lib/gcc/arm-none-eabi/10.3.1/../../../../arm-none-eabi/lib/thumb/v6-m/nofp/crt0.o (__libc_init_array)
d:/program files (x86)/gnu arm embedded toolchain/10 2021.10/bin/../lib/gcc/arm-none-eabi/10.3.1/../../../../arm-none-eabi/lib/thumb/v6-m/nofp\libc_nano.a(lib_a-memset.o)
                              d:/program files (x86)/gnu arm embedded toolchain/10 2021.10/bin/../lib/gcc/arm-none-eabi/10.3.1/../../../../arm-none-eabi/lib/thumb/v6-m/nofp/crt0.o (memset)
d:/program files (x86)/gnu arm embedded toolchain/10 2021.10/bin/../lib/gcc/arm-none-eabi/10.3.1/../../../../arm-none-eabi/lib/thumb/v6-m/nofp\libc_nano.a(lib_a-snprintf.o)
                              build/main.o (snprintf)
d:/program files (x86)/gnu arm embedded toolchain/10 2021.10/bin/../lib/gcc/arm-none-eabi/10.3.1/../../../../arm-none-eabi/lib/thumb/v6-m/nofp\libc_nano.a(lib_a-strlen.o)
                              build/main.o (strlen)
d:/program files (x86)/gnu arm embedded toolchain/10 2021.10/bin/../lib/gcc/arm-none-eabi/10.3.1/../../../../arm-none-eabi/lib/thumb/v6-m/nofp\libc_nano.a(lib_a-nano-svfprintf.o)
                              d:/program files (x86)/gnu arm embedded toolchain/10 2021.10/bin/../lib/gcc/arm-none-eabi/10.3.1/../../../../arm-none-eabi/lib/thumb/v6-m/nofp\libc_nano.a(lib_a-snprintf.o) (_svfprintf_r)
d:/program files (x86)/gnu arm embedded toolchain/10 2021.10/bin/../lib/gcc/arm-none-eabi/10.3.1/../../../../arm-none-eabi/lib/thumb/v6-m/nofp\libc_nano.a(lib_a-nano-vfprintf_i.o)
                              d:/program files (x86)/gnu arm embedded toolchain/10 2021.10/bin/../lib/gcc/arm-none-eabi/10.3.1/../../../../arm-none-eabi/lib/thumb/v6-m/nofp\libc_nano.a(lib_a-nano-svfprintf.o) (_printf_i)
d:/program files (x86)/gnu arm embedded toolchain/10 2021.10/bin/../lib/gcc/arm-none-eabi/10.3.1/../../../../arm-none-eabi/lib/thumb/v6-m/nofp\libc_nano.a(lib_a-memchr-stub.o)
                              d:/program files (x86)/gnu arm embedded toolchain/10 2021.10/bin/../lib/gcc/arm-none-eabi/10.3.1/../../../../arm-none-eabi/lib/thumb/v6-m/nofp\libc_nano.a(lib_a-nano-svfprintf.o) (memchr)
d:/program files (x86)/gnu arm embedded toolchain/10 2021.10/bin/../lib/gcc/arm-none-eabi/10.3.1/../../../../arm-none-eabi/lib/thumb/v6-m/nofp\libc_nano.a(lib_a-memcpy-stub.o)
                              d:/program files (x86)/gnu arm embedded toolchain/10 2021.10/bin/../lib/gcc/arm-none-eabi/10.3.1/../../../../arm-none-eabi/lib/thumb/v6-m/nofp\libc_nano.a(lib_a-nano-svfprintf.o) (memcpy)
d:/program files (x86)/gnu arm embedded toolchain/10 2021.10/bin/../lib/gcc/arm-none-eabi/10.3.1/../../../../arm-none-eabi/lib/thumb/v6-m/nofp\libc_nano.a(lib_a-memmove.o)
                              d:/program files (x86)/gnu arm embedded toolchain/10 2021.10/bin/../lib/gcc/arm-none-eabi/10.3.1/../../../../arm-none-eabi/lib/thumb/v6-m/nofp\libc_nano.a(lib_a-nano-svfprintf.o) (memmove)
d:/program files (x86)/gnu arm embedded toolchain/10 2021.10/bin/../lib/gcc/arm-none-eabi/10.3.1/../../../../arm-none-eabi/lib/thumb/v6-m/nofp\libc_nano.a(lib_a-nano-freer.o)
                              d:/program files (x86)/gnu arm embedded toolchain/10 2021.10/bin/../lib/gcc/arm-none-eabi/10.3.1/../../../../arm-none-eabi/lib/thumb/v6-m/nofp\libc_nano.a(lib_a-nano-svfprintf.o) (_free_r)
d:/program files (x86)/gnu arm embedded toolchain/10 2021.10/bin/../lib/gcc/arm-none-eabi/10.3.1/../../../../arm-none-eabi/lib/thumb/v6-m/nofp\libc_nano.a(lib_a-nano-mallocr.o)
                              d:/program files (x86)/gnu arm embedded toolchain/10 2021.10/bin/../lib/gcc/arm-none-eabi/10.3.1/../../../../arm-none-eabi/lib/thumb/v6-m/nofp\libc_nano.a(lib_a-nano-svfprintf.o) (_malloc_r)
d:/program files (x86)/gnu arm embedded toolchain/10 2021.10/bin/../lib/gcc/arm-none-eabi/10.3.1/../../../../arm-none-eabi/lib/thumb/v6-m/nofp\libc_nano.a(lib_a-nano-reallocr.o)
[...]
Memory Configuration

Name             Origin             Length             Attributes
RAM              0x20000000         0x00003000         xrw
FLASH            0x08000000         0x00008000         xr
*default*        0x00000000         0xffffffff

Linker script and memory map

LOAD d:/program files (x86)/gnu arm embedded toolchain/10 2021.10/bin/../lib/gcc/arm-none-eabi/10.3.1/thumb/v6-m/nofp/crti.o
LOAD d:/program files (x86)/gnu arm embedded toolchain/10 2021.10/bin/../lib/gcc/arm-none-eabi/10.3.1/thumb/v6-m/nofp/crtbegin.o
LOAD d:/program files (x86)/gnu arm embedded toolchain/10 2021.10/bin/../lib/gcc/arm-none-eabi/10.3.1/../../../../arm-none-eabi/lib/thumb/v6-m/nofp/crt0.o
LOAD build/main.o
LOAD build/gpio.o
LOAD build/i2c.o
LOAD build/spi.o
LOAD build/usart.o
LOAD build/stm32c0xx_it.o
LOAD build/stm32c0xx_hal_msp.o
LOAD build/stm32c0xx_nucleo.o
LOAD build/stm32c0xx_hal_usart_ex.o
LOAD build/stm32c0xx_hal.o
LOAD build/stm32c0xx_hal_spi.o
LOAD build/stm32c0xx_hal_cortex.o
LOAD build/stm32c0xx_hal_rcc.o
LOAD build/stm32c0xx_hal_rcc_ex.o
LOAD build/stm32c0xx_hal_flash.o
LOAD build/stm32c0xx_hal_flash_ex.o
LOAD build/stm32c0xx_hal_gpio.o
LOAD build/stm32c0xx_hal_dma.o
LOAD build/stm32c0xx_hal_dma_ex.o
LOAD build/stm32c0xx_hal_pwr.o
LOAD build/stm32c0xx_hal_pwr_ex.o
LOAD build/stm32c0xx_hal_exti.o
LOAD build/stm32c0xx_hal_i2c.o
LOAD build/stm32c0xx_hal_i2c_ex.o
LOAD build/stm32c0xx_hal_tim.o
LOAD build/stm32c0xx_hal_tim_ex.o
LOAD build/stm32c0xx_hal_usart.o
LOAD build/stm32c0xx_hal_uart_ex.o
LOAD build/stm32c0xx_hal_uart.o
LOAD build/system_stm32c0xx.o
LOAD build/startup_stm32c031xx.o
LOAD d:/program files (x86)/gnu arm embedded toolchain/10 2021.10/bin/../lib/gcc/arm-none-eabi/10.3.1/../../../../arm-none-eabi/lib/thumb/v6-m/nofp\libc_nano.a
LOAD d:/program files (x86)/gnu arm embedded toolchain/10 2021.10/bin/../lib/gcc/arm-none-eabi/10.3.1/../../../../arm-none-eabi/lib/thumb/v6-m/nofp\libm.a
LOAD d:/program files (x86)/gnu arm embedded toolchain/10 2021.10/bin/../lib/gcc/arm-none-eabi/10.3.1/../../../../arm-none-eabi/lib/thumb/v6-m/nofp\libnosys.a
START GROUP
LOAD d:/program files (x86)/gnu arm embedded toolchain/10 2021.10/bin/../lib/gcc/arm-none-eabi/10.3.1/thumb/v6-m/nofp\libgcc.a
LOAD d:/program files (x86)/gnu arm embedded toolchain/10 2021.10/bin/../lib/gcc/arm-none-eabi/10.3.1/../../../../arm-none-eabi/lib/thumb/v6-m/nofp\libc_nano.a
END GROUP
START GROUP
LOAD d:/program files (x86)/gnu arm embedded toolchain/10 2021.10/bin/../lib/gcc/arm-none-eabi/10.3.1/thumb/v6-m/nofp\libgcc.a
LOAD d:/program files (x86)/gnu arm embedded toolchain/10 2021.10/bin/../lib/gcc/arm-none-eabi/10.3.1/../../../../arm-none-eabi/lib/thumb/v6-m/nofp\libc_nano.a
END GROUP
LOAD d:/program files (x86)/gnu arm embedded toolchain/10 2021.10/bin/../lib/gcc/arm-none-eabi/10.3.1/thumb/v6-m/nofp/crtend.o
LOAD d:/program files (x86)/gnu arm embedded toolchain/10 2021.10/bin/../lib/gcc/arm-none-eabi/10.3.1/thumb/v6-m/nofp/crtn.o
                0x20003000                _estack = (ORIGIN (RAM) + LENGTH (RAM))
                0x00000200                _Min_Heap_Size = 0x200
                0x00000400                _Min_Stack_Size = 0x400

.isr_vector     0x08000000       0xc0
                0x08000000                . = ALIGN (0x4)
 *(.isr_vector)
 .isr_vector    0x08000000       0xc0 build/startup_stm32c031xx.o
                0x08000000                g_pfnVectors
                0x080000c0                . = ALIGN (0x4)

.text           0x080000c0     0x2794
                0x080000c0                . = ALIGN (0x4)
 *(.text)
 .text          0x080000c0       0x48 d:/program files (x86)/gnu arm embedded toolchain/10 2021.10/bin/../lib/gcc/arm-none-eabi/10.3.1/thumb/v6-m/nofp/crtbegin.o
 .text          0x08000108        0xe d:/program files (x86)/gnu arm embedded toolchain/10 2021.10/bin/../lib/gcc/arm-none-eabi/10.3.1/../../../../arm-none-eabi/lib/thumb/v6-m/nofp\libc_nano.a(lib_a-strlen.o)
                0x08000108                strlen
 *fill*         0x08000116        0x2 
 .text          0x08000118       0x14 d:/program files (x86)/gnu arm embedded toolchain/10 2021.10/bin/../lib/gcc/arm-none-eabi/10.3.1/thumb/v6-m/nofp\libgcc.a(_thumb1_case_shi.o)
                0x08000118                __gnu_thumb1_case_shi
 .text          0x0800012c      0x114 d:/program files (x86)/gnu arm embedded toolchain/10 2021.10/bin/../lib/gcc/arm-none-eabi/10.3.1/thumb/v6-m/nofp\libgcc.a(_udivsi3.o)
                0x0800012c                __aeabi_uidiv
                0x0800012c                __udivsi3
                0x08000238                __aeabi_uidivmod
 .text          0x08000240        0x4 d:/program files (x86)/gnu arm embedded toolchain/10 2021.10/bin/../lib/gcc/arm-none-eabi/10.3.1/thumb/v6-m/nofp\libgcc.a(_dvmd_tls.o)
                0x08000240                __aeabi_idiv0
                0x08000240                __aeabi_ldiv0
 *(.text*)
 .text.Error_Handler
                0x08000244        0x4 build/main.o
                0x08000244                Error_Handler
 .text.SystemClock_Config
                0x08000248       0x6c build/main.o
                0x08000248                SystemClock_Config
 .text.main     0x080002b4       0xb8 build/main.o
                0x080002b4                main
 .text.MX_GPIO_Init
                0x0800036c       0x80 build/gpio.o
                0x0800036c                MX_GPIO_Init
 .text.MX_I2C1_Init
                0x080003ec       0x60 build/i2c.o
                0x080003ec                MX_I2C1_Init
 .text.HAL_I2C_MspInit
                0x0800044c       0x88 build/i2c.o
                0x0800044c                HAL_I2C_MspInit
 .text.MX_SPI1_Init
                0x080004d4       0x4c build/spi.o
                0x080004d4                MX_SPI1_Init
 .text.MX_USART1_UART_Init
                0x08000520       0x38 build/usart.o
                0x08000520                MX_USART1_UART_Init
 .text.NMI_Handler
                0x08000558        0x2 build/stm32c0xx_it.o
                0x08000558                NMI_Handler
 .text.HardFault_Handler
                0x0800055a        0x2 build/stm32c0xx_it.o
                0x0800055a                HardFault_Handler
 .text.SVC_Handler
                0x0800055c        0x2 build/stm32c0xx_it.o
                0x0800055c                SVC_Handler
 .text.PendSV_Handler
                0x0800055e        0x2 build/stm32c0xx_it.o
                0x0800055e                PendSV_Handler
 .text.SysTick_Handler
                0x08000560        0x8 build/stm32c0xx_it.o
                0x08000560                SysTick_Handler
 .text.EXTI4_15_IRQHandler
                0x08000568        0xa build/stm32c0xx_it.o
                0x08000568                EXTI4_15_IRQHandler
 *fill*         0x08000572        0x2 
 .text.HAL_MspInit
                0x08000574       0x30 build/stm32c0xx_hal_msp.o
                0x08000574                HAL_MspInit
 .text.COM1_MspInit
                0x080005a4       0x68 build/stm32c0xx_nucleo.o
 .text.BSP_LED_Init
                0x0800060c       0x84 build/stm32c0xx_nucleo.o
                0x0800060c                BSP_LED_Init
 .text.BSP_PB_Init
                0x08000690       0x90 build/stm32c0xx_nucleo.o
                0x08000690                BSP_PB_Init
 .text.BSP_PB_IRQHandler
                0x08000720       0x18 build/stm32c0xx_nucleo.o
                0x08000720                BSP_PB_IRQHandler
 .text.BSP_PB_Callback
                0x08000738        0x2 build/stm32c0xx_nucleo.o
                0x08000738                BSP_PB_Callback
 .text.BUTTON_USER_EXTI_Callback
                0x0800073a        0xa build/stm32c0xx_nucleo.o
 .text.MX_USART2_Init
                0x08000744       0x34 build/stm32c0xx_nucleo.o
                0x08000744                MX_USART2_Init
 .text.BSP_COM_Init
                0x08000778       0x34 build/stm32c0xx_nucleo.o
                0x08000778                BSP_COM_Init
 .text.HAL_InitTick
                0x080007ac       0x58 build/stm32c0xx_hal.o
                0x080007ac                HAL_InitTick
 .text.HAL_Init
                0x08000804       0x18 build/stm32c0xx_hal.o
                0x08000804                HAL_Init
 .text.HAL_IncTick
                0x0800081c       0x18 build/stm32c0xx_hal.o
                0x0800081c                HAL_IncTick
 .text.HAL_GetTick
                0x08000834        0xc build/stm32c0xx_hal.o
                0x08000834                HAL_GetTick
 .text.HAL_Delay
                0x08000840       0x24 build/stm32c0xx_hal.o
                0x08000840                HAL_Delay
 .text.SPI_WaitFlagStateUntilTimeout
                0x08000864       0xe8 build/stm32c0xx_hal_spi.o
 .text.SPI_WaitFifoStateUntilTimeout
                0x0800094c      0x114 build/stm32c0xx_hal_spi.o
 .text.SPI_EndRxTxTransaction
                0x08000a60       0x68 build/stm32c0xx_hal_spi.o
 .text.HAL_SPI_MspInit
                0x08000ac8        0x2 build/stm32c0xx_hal_spi.o
                0x08000ac8                HAL_SPI_MspInit
 *fill*         0x08000aca        0x2 
 .text.HAL_SPI_Init
                0x08000acc      0x104 build/stm32c0xx_hal_spi.o
                0x08000acc                HAL_SPI_Init
 .text.HAL_SPI_Transmit
                0x08000bd0      0x206 build/stm32c0xx_hal_spi.o
                0x08000bd0                HAL_SPI_Transmit
 *fill*         0x08000dd6        0x2 
 .text.HAL_NVIC_SetPriority
                0x08000dd8       0x60 build/stm32c0xx_hal_cortex.o
                0x08000dd8                HAL_NVIC_SetPriority
 .text.HAL_NVIC_EnableIRQ
                0x08000e38       0x18 build/stm32c0xx_hal_cortex.o
                0x08000e38                HAL_NVIC_EnableIRQ
 .text.HAL_SYSTICK_Config
                0x08000e50       0x38 build/stm32c0xx_hal_cortex.o
                0x08000e50                HAL_SYSTICK_Config
 .text.HAL_RCC_OscConfig
                0x08000e88      0x2bc build/stm32c0xx_hal_rcc.o
                0x08000e88                HAL_RCC_OscConfig
 .text.HAL_RCC_GetSysClockFreq
                0x08001144       0x5c build/stm32c0xx_hal_rcc.o
                0x08001144                HAL_RCC_GetSysClockFreq
 .text.HAL_RCC_ClockConfig
                0x080011a0      0x184 build/stm32c0xx_hal_rcc.o
                0x080011a0                HAL_RCC_ClockConfig
 .text.HAL_RCC_GetHCLKFreq
                0x08001324       0x30 build/stm32c0xx_hal_rcc.o
                0x08001324                HAL_RCC_GetHCLKFreq
 .text.HAL_RCC_GetPCLK1Freq
                0x08001354       0x28 build/stm32c0xx_hal_rcc.o
                0x08001354                HAL_RCC_GetPCLK1Freq
 .text.HAL_RCCEx_PeriphCLKConfig
                0x0800137c      0x130 build/stm32c0xx_hal_rcc_ex.o
                0x0800137c                HAL_RCCEx_PeriphCLKConfig
 .text.HAL_GPIO_Init
                0x080014ac      0x1bc build/stm32c0xx_hal_gpio.o
                0x080014ac                HAL_GPIO_Init
 .text.HAL_GPIO_WritePin
                0x08001668        0xc build/stm32c0xx_hal_gpio.o
                0x08001668                HAL_GPIO_WritePin
 .text.HAL_EXTI_RegisterCallback
                0x08001674       0x24 build/stm32c0xx_hal_exti.o
                0x08001674                HAL_EXTI_RegisterCallback
 .text.HAL_EXTI_GetHandle
                0x08001698        0xe build/stm32c0xx_hal_exti.o
                0x08001698                HAL_EXTI_GetHandle
 *fill*         0x080016a6        0x2 
 .text.HAL_EXTI_IRQHandler
                0x080016a8       0x48 build/stm32c0xx_hal_exti.o
                0x080016a8                HAL_EXTI_IRQHandler
 .text.HAL_I2C_Init
                0x080016f0       0xdc build/stm32c0xx_hal_i2c.o
                0x080016f0                HAL_I2C_Init
 .text.HAL_I2CEx_ConfigAnalogFilter
                0x080017cc       0x58 build/stm32c0xx_hal_i2c_ex.o
                0x080017cc                HAL_I2CEx_ConfigAnalogFilter
 .text.HAL_I2CEx_ConfigDigitalFilter
                0x08001824       0x54 build/stm32c0xx_hal_i2c_ex.o
                0x08001824                HAL_I2CEx_ConfigDigitalFilter
 .text.UART_EndRxTransfer
                0x08001878       0x64 build/stm32c0xx_hal_uart.o
 .text.HAL_UART_MspInit
                0x080018dc        0x2 build/stm32c0xx_hal_uart.o
                0x080018dc                HAL_UART_MspInit
 *fill*         0x080018de        0x2 
 .text.UART_SetConfig
                0x080018e0      0x1c8 build/stm32c0xx_hal_uart.o
                0x080018e0                UART_SetConfig
 .text.UART_AdvFeatureConfig
                0x08001aa8       0xe0 build/stm32c0xx_hal_uart.o
                0x08001aa8                UART_AdvFeatureConfig
 .text.UART_WaitOnFlagUntilTimeout
                0x08001b88       0x9e build/stm32c0xx_hal_uart.o
                0x08001b88                UART_WaitOnFlagUntilTimeout
 .text.HAL_UART_Transmit
                0x08001c26       0xfc build/stm32c0xx_hal_uart.o
                0x08001c26                HAL_UART_Transmit
 *fill*         0x08001d22        0x2 
 .text.UART_CheckIdleState
                0x08001d24       0xd4 build/stm32c0xx_hal_uart.o
                0x08001d24                UART_CheckIdleState
 .text.HAL_UART_Init
                0x08001df8       0x70 build/stm32c0xx_hal_uart.o
                0x08001df8                HAL_UART_Init
 .text.SystemInit
                0x08001e68       0x10 build/system_stm32c0xx.o
                0x08001e68                SystemInit
 .text.Reset_Handler
                0x08001e78       0x50 build/startup_stm32c031xx.o
                0x08001e78                Reset_Handler
 .text.Default_Handler
                0x08001ec8        0x2 build/startup_stm32c031xx.o
                0x08001ec8                TIM1_CC_IRQHandler
                0x08001ec8                I2C1_IRQHandler
                0x08001ec8                DMAMUX1_IRQHandler
                0x08001ec8                SPI1_IRQHandler
                0x08001ec8                EXTI2_3_IRQHandler
                0x08001ec8                ADC1_IRQHandler
                0x08001ec8                TIM17_IRQHandler
                0x08001ec8                RTC_IRQHandler
                0x08001ec8                TIM16_IRQHandler
                0x08001ec8                TIM3_IRQHandler
                0x08001ec8                RCC_IRQHandler
                0x08001ec8                DMA1_Channel1_IRQHandler
                0x08001ec8                Default_Handler
                0x08001ec8                TIM14_IRQHandler
                0x08001ec8                EXTI0_1_IRQHandler
                0x08001ec8                WWDG_IRQHandler
                0x08001ec8                DMA1_Channel2_3_IRQHandler
                0x08001ec8                USART2_IRQHandler
                0x08001ec8                FLASH_IRQHandler
                0x08001ec8                USART1_IRQHandler
                0x08001ec8                TIM1_BRK_UP_TRG_COM_IRQHandler
 *fill*         0x08001eca        0x2 
 .text.__libc_init_array
                0x08001ecc       0x48 d:/program files (x86)/gnu arm embedded toolchain/10 2021.10/bin/../lib/gcc/arm-none-eabi/10.3.1/../../../../arm-none-eabi/lib/thumb/v6-m/nofp\libc_nano.a(lib_a-init.o)
                0x08001ecc                __libc_init_array
 .text.memset   0x08001f14       0x10 d:/program files (x86)/gnu arm embedded toolchain/10 2021.10/bin/../lib/gcc/arm-none-eabi/10.3.1/../../../../arm-none-eabi/lib/thumb/v6-m/nofp\libc_nano.a(lib_a-memset.o)
                0x08001f14                memset
 .text.snprintf
                0x08001f24       0x68 d:/program files (x86)/gnu arm embedded toolchain/10 2021.10/bin/../lib/gcc/arm-none-eabi/10.3.1/../../../../arm-none-eabi/lib/thumb/v6-m/nofp\libc_nano.a(lib_a-snprintf.o)
                0x08001f24                sniprintf
                0x08001f24                snprintf
 .text.__ssputs_r
                0x08001f8c       0xc4 d:/program files (x86)/gnu arm embedded toolchain/10 2021.10/bin/../lib/gcc/arm-none-eabi/10.3.1/../../../../arm-none-eabi/lib/thumb/v6-m/nofp\libc_nano.a(lib_a-nano-svfprintf.o)
                0x08001f8c                __ssputs_r
 .text._svfprintf_r
                0x08002050      0x200 d:/program files (x86)/gnu arm embedded toolchain/10 2021.10/bin/../lib/gcc/arm-none-eabi/10.3.1/../../../../arm-none-eabi/lib/thumb/v6-m/nofp\libc_nano.a(lib_a-nano-svfprintf.o)
                0x08002050                _svfiprintf_r
                0x08002050                _svfprintf_r
 .text._printf_common
                0x08002250       0xde d:/program files (x86)/gnu arm embedded toolchain/10 2021.10/bin/../lib/gcc/arm-none-eabi/10.3.1/../../../../arm-none-eabi/lib/thumb/v6-m/nofp\libc_nano.a(lib_a-nano-vfprintf_i.o)
                0x08002250                _printf_common
 *fill*         0x0800232e        0x2 
 .text._printf_i
                0x08002330      0x224 d:/program files (x86)/gnu arm embedded toolchain/10 2021.10/bin/../lib/gcc/arm-none-eabi/10.3.1/../../../../arm-none-eabi/lib/thumb/v6-m/nofp\libc_nano.a(lib_a-nano-vfprintf_i.o)
                0x08002330                _printf_i
 .text.memchr   0x08002554       0x16 d:/program files (x86)/gnu arm embedded toolchain/10 2021.10/bin/../lib/gcc/arm-none-eabi/10.3.1/../../../../arm-none-eabi/lib/thumb/v6-m/nofp\libc_nano.a(lib_a-memchr-stub.o)
                0x08002554                memchr
 .text.memcpy   0x0800256a       0x12 d:/program files (x86)/gnu arm embedded toolchain/10 2021.10/bin/../lib/gcc/arm-none-eabi/10.3.1/../../../../arm-none-eabi/lib/thumb/v6-m/nofp\libc_nano.a(lib_a-memcpy-stub.o)
                0x0800256a                memcpy
 .text.memmove  0x0800257c       0x26 d:/program files (x86)/gnu arm embedded toolchain/10 2021.10/bin/../lib/gcc/arm-none-eabi/10.3.1/../../../../arm-none-eabi/lib/thumb/v6-m/nofp\libc_nano.a(lib_a-memmove.o)
                0x0800257c                memmove
 *fill*         0x080025a2        0x2 
 .text._free_r  0x080025a4       0x94 d:/program files (x86)/gnu arm embedded toolchain/10 2021.10/bin/../lib/gcc/arm-none-eabi/10.3.1/../../../../arm-none-eabi/lib/thumb/v6-m/nofp\libc_nano.a(lib_a-nano-freer.o)
                0x080025a4                _free_r
 .text.sbrk_aligned
                0x08002638       0x44 d:/program files (x86)/gnu arm embedded toolchain/10 2021.10/bin/../lib/gcc/arm-none-eabi/10.3.1/../../../../arm-none-eabi/lib/thumb/v6-m/nofp\libc_nano.a(lib_a-nano-mallocr.o)
 .text._malloc_r
                0x0800267c       0xec d:/program files (x86)/gnu arm embedded toolchain/10 2021.10/bin/../lib/gcc/arm-none-eabi/10.3.1/../../../../arm-none-eabi/lib/thumb/v6-m/nofp\libc_nano.a(lib_a-nano-mallocr.o)
                0x0800267c                _malloc_r
 .text._realloc_r
                0x08002768       0x5e d:/program files (x86)/gnu arm embedded toolchain/10 2021.10/bin/../lib/gcc/arm-none-eabi/10.3.1/../../../../arm-none-eabi/lib/thumb/v6-m/nofp\libc_nano.a(lib_a-nano-reallocr.o)
                0x08002768                _realloc_r
 *fill*         0x080027c6        0x2 
 .text._sbrk_r  0x080027c8       0x24 d:/program files (x86)/gnu arm embedded toolchain/10 2021.10/bin/../lib/gcc/arm-none-eabi/10.3.1/../../../../arm-none-eabi/lib/thumb/v6-m/nofp\libc_nano.a(lib_a-sbrkr.o)
                0x080027c8                _sbrk_r
 .text.__malloc_lock
                0x080027ec       0x10 d:/program files (x86)/gnu arm embedded toolchain/10 2021.10/bin/../lib/gcc/arm-none-eabi/10.3.1/../../../../arm-none-eabi/lib/thumb/v6-m/nofp\libc_nano.a(lib_a-mlock.o)
                0x080027ec                __malloc_lock
 .text.__malloc_unlock
                0x080027fc       0x10 d:/program files (x86)/gnu arm embedded toolchain/10 2021.10/bin/../lib/gcc/arm-none-eabi/10.3.1/../../../../arm-none-eabi/lib/thumb/v6-m/nofp\libc_nano.a(lib_a-mlock.o)
                0x080027fc                __malloc_unlock
 .text._malloc_usable_size_r
                0x0800280c       0x10 d:/program files (x86)/gnu arm embedded toolchain/10 2021.10/bin/../lib/gcc/arm-none-eabi/10.3.1/../../../../arm-none-eabi/lib/thumb/v6-m/nofp\libc_nano.a(lib_a-nano-msizer.o)
                0x0800280c                _malloc_usable_size_r
 .text.__retarget_lock_acquire_recursive
                0x0800281c        0x2 d:/program files (x86)/gnu arm embedded toolchain/10 2021.10/bin/../lib/gcc/arm-none-eabi/10.3.1/../../../../arm-none-eabi/lib/thumb/v6-m/nofp\libc_nano.a(lib_a-lock.o)
                0x0800281c                __retarget_lock_acquire_recursive
 .text.__retarget_lock_release_recursive
                0x0800281e        0x2 d:/program files (x86)/gnu arm embedded toolchain/10 2021.10/bin/../lib/gcc/arm-none-eabi/10.3.1/../../../../arm-none-eabi/lib/thumb/v6-m/nofp\libc_nano.a(lib_a-lock.o)
                0x0800281e                __retarget_lock_release_recursive
 .text._sbrk    0x08002820       0x1c d:/program files (x86)/gnu arm embedded toolchain/10 2021.10/bin/../lib/gcc/arm-none-eabi/10.3.1/../../../../arm-none-eabi/lib/thumb/v6-m/nofp\libnosys.a(sbrk.o)
                0x08002820                _sbrk
 *(.glue_7)
 .glue_7        0x0800283c        0x0 linker stubs
 *(.glue_7t)
 .glue_7t       0x0800283c        0x0 linker stubs
 *(.eh_frame)
 .eh_frame      0x0800283c        0x0 d:/program files (x86)/gnu arm embedded toolchain/10 2021.10/bin/../lib/gcc/arm-none-eabi/10.3.1/thumb/v6-m/nofp/crtbegin.o
 *(.init)
 .init          0x0800283c        0x4 d:/program files (x86)/gnu arm embedded toolchain/10 2021.10/bin/../lib/gcc/arm-none-eabi/10.3.1/thumb/v6-m/nofp/crti.o
                0x0800283c                _init
 .init          0x08002840        0x8 d:/program files (x86)/gnu arm embedded toolchain/10 2021.10/bin/../lib/gcc/arm-none-eabi/10.3.1/thumb/v6-m/nofp/crtn.o
 *(.fini)
 .fini          0x08002848        0x4 d:/program files (x86)/gnu arm embedded toolchain/10 2021.10/bin/../lib/gcc/arm-none-eabi/10.3.1/thumb/v6-m/nofp/crti.o
                0x08002848                _fini
 .fini          0x0800284c        0x8 d:/program files (x86)/gnu arm embedded toolchain/10 2021.10/bin/../lib/gcc/arm-none-eabi/10.3.1/thumb/v6-m/nofp/crtn.o
                0x08002854                . = ALIGN (0x4)
                0x08002854                _etext = .

.vfp11_veneer   0x08002854        0x0
 .vfp11_veneer  0x08002854        0x0 linker stubs

.v4_bx          0x08002854        0x0
 .v4_bx         0x08002854        0x0 linker stubs

.iplt           0x08002854        0x0
 .iplt          0x08002854        0x0 d:/program files (x86)/gnu arm embedded toolchain/10 2021.10/bin/../lib/gcc/arm-none-eabi/10.3.1/thumb/v6-m/nofp/crtbegin.o

.rodata         0x08002854       0xd0
                0x08002854                . = ALIGN (0x4)
 *(.rodata)
 *(.rodata*)
 .rodata.main.str1.4
                0x08002854       0x18 build/main.o
 .rodata.LED_PIN
                0x0800286c        0x4 build/stm32c0xx_nucleo.o
 .rodata.LED_PORT
                0x08002870        0x8 build/stm32c0xx_nucleo.o
 .rodata.UARTPrescTable
                0x08002878       0x18 build/stm32c0xx_hal_uart.o
                0x08002878                UARTPrescTable
 .rodata.AHBPrescTable
                0x08002890       0x40 build/system_stm32c0xx.o
                0x08002890                AHBPrescTable
 .rodata.APBPrescTable
                0x080028d0       0x20 build/system_stm32c0xx.o
                0x080028d0                APBPrescTable
 .rodata._svfprintf_r.str1.1
                0x080028f0       0x11 d:/program files (x86)/gnu arm embedded toolchain/10 2021.10/bin/../lib/gcc/arm-none-eabi/10.3.1/../../../../arm-none-eabi/lib/thumb/v6-m/nofp\libc_nano.a(lib_a-nano-svfprintf.o)
 .rodata._printf_i.str1.1
                0x08002901       0x22 d:/program files (x86)/gnu arm embedded toolchain/10 2021.10/bin/../lib/gcc/arm-none-eabi/10.3.1/../../../../arm-none-eabi/lib/thumb/v6-m/nofp\libc_nano.a(lib_a-nano-vfprintf_i.o)
                0x08002924                . = ALIGN (0x4)
 *fill*         0x08002923        0x1 

.rel.dyn        0x08002924        0x0
 .rel.iplt      0x08002924        0x0 d:/program files (x86)/gnu arm embedded toolchain/10 2021.10/bin/../lib/gcc/arm-none-eabi/10.3.1/thumb/v6-m/nofp/crtbegin.o

.ARM.extab      0x08002924        0x0
                0x08002924                . = ALIGN (0x4)
 *(.ARM.extab* .gnu.linkonce.armextab.*)
                0x08002924                . = ALIGN (0x4)

.ARM            0x08002924        0x0
                0x08002924                . = ALIGN (0x4)
                0x08002924                __exidx_start = .
 *(.ARM.exidx*)
                0x08002924                __exidx_end = .
                0x08002924                . = ALIGN (0x4)

.preinit_array  0x08002924        0x0
                0x08002924                . = ALIGN (0x4)
                0x08002924                PROVIDE (__preinit_array_start = .)
 *(.preinit_array*)
                0x08002924                PROVIDE (__preinit_array_end = .)
                0x08002924                . = ALIGN (0x4)

.init_array     0x08002924        0x4
                0x08002924                . = ALIGN (0x4)
                0x08002924                PROVIDE (__init_array_start = .)
 *(SORT_BY_NAME(.init_array.*))
 *(.init_array*)
 .init_array    0x08002924        0x4 d:/program files (x86)/gnu arm embedded toolchain/10 2021.10/bin/../lib/gcc/arm-none-eabi/10.3.1/thumb/v6-m/nofp/crtbegin.o
                0x08002928                PROVIDE (__init_array_end = .)
                0x08002928                . = ALIGN (0x4)

.fini_array     0x08002928        0x4
                0x08002928                . = ALIGN (0x4)
                [!provide]                PROVIDE (__fini_array_start = .)
 *(SORT_BY_NAME(.fini_array.*))
 *(.fini_array*)
 .fini_array    0x08002928        0x4 d:/program files (x86)/gnu arm embedded toolchain/10 2021.10/bin/../lib/gcc/arm-none-eabi/10.3.1/thumb/v6-m/nofp/crtbegin.o
                [!provide]                PROVIDE (__fini_array_end = .)
                0x0800292c                . = ALIGN (0x4)
                0x0800292c                _sidata = LOADADDR (.data)

.data           0x20000000       0x74 load address 0x0800292c
                0x20000000                . = ALIGN (0x4)
                0x20000000                _sdata = .
 *(.data)
 *(.data*)
 .data.COM_USART
                0x20000000        0x4 build/stm32c0xx_nucleo.o
                0x20000000                COM_USART
 .data.uwTickFreq
                0x20000004        0x1 build/stm32c0xx_hal.o
                0x20000004                uwTickFreq
 *fill*         0x20000005        0x3 
 .data.uwTickPrio
                0x20000008        0x4 build/stm32c0xx_hal.o
                0x20000008                uwTickPrio
 .data.SystemCoreClock
                0x2000000c        0x4 build/system_stm32c0xx.o
                0x2000000c                SystemCoreClock
 .data._impure_ptr
                0x20000010        0x4 d:/program files (x86)/gnu arm embedded toolchain/10 2021.10/bin/../lib/gcc/arm-none-eabi/10.3.1/../../../../arm-none-eabi/lib/thumb/v6-m/nofp\libc_nano.a(lib_a-impure.o)
                0x20000010                _impure_ptr
 .data.impure_data
                0x20000014       0x60 d:/program files (x86)/gnu arm embedded toolchain/10 2021.10/bin/../lib/gcc/arm-none-eabi/10.3.1/../../../../arm-none-eabi/lib/thumb/v6-m/nofp\libc_nano.a(lib_a-impure.o)
 *(.RamFunc)
 *(.RamFunc*)
                0x20000074                . = ALIGN (0x4)
                0x20000074                _edata = .

.igot.plt       0x20000074        0x0 load address 0x080029a0
 .igot.plt      0x20000074        0x0 d:/program files (x86)/gnu arm embedded toolchain/10 2021.10/bin/../lib/gcc/arm-none-eabi/10.3.1/thumb/v6-m/nofp/crtbegin.o
                0x20000074                . = ALIGN (0x4)

.bss            0x20000074      0x230 load address 0x080029a0
                0x20000074                _sbss = .
                0x20000074                __bss_start__ = _sbss
 *(.bss)
 .bss           0x20000074       0x1c d:/program files (x86)/gnu arm embedded toolchain/10 2021.10/bin/../lib/gcc/arm-none-eabi/10.3.1/thumb/v6-m/nofp/crtbegin.o
 *(.bss*)
 .bss.BspCOMInit
                0x20000090       0x10 build/main.o
                0x20000090                BspCOMInit
 .bss.hi2c1     0x200000a0       0x54 build/i2c.o
                0x200000a0                hi2c1
 .bss.hspi1     0x200000f4       0x64 build/spi.o
                0x200000f4                hspi1
 .bss.huart1    0x20000158       0x94 build/usart.o
                0x20000158                huart1
 .bss.hcom_uart
                0x200001ec       0x94 build/stm32c0xx_nucleo.o
                0x200001ec                hcom_uart
 .bss.hpb_exti  0x20000280        0xc build/stm32c0xx_nucleo.o
                0x20000280                hpb_exti
 .bss.uwTick    0x2000028c        0x4 build/stm32c0xx_hal.o
                0x2000028c                uwTick
 .bss.__malloc_free_list
                0x20000290        0x4 d:/program files (x86)/gnu arm embedded toolchain/10 2021.10/bin/../lib/gcc/arm-none-eabi/10.3.1/../../../../arm-none-eabi/lib/thumb/v6-m/nofp\libc_nano.a(lib_a-nano-mallocr.o)
                0x20000290                __malloc_free_list
 .bss.__malloc_sbrk_start
                0x20000294        0x4 d:/program files (x86)/gnu arm embedded toolchain/10 2021.10/bin/../lib/gcc/arm-none-eabi/10.3.1/../../../../arm-none-eabi/lib/thumb/v6-m/nofp\libc_nano.a(lib_a-nano-mallocr.o)
                0x20000294                __malloc_sbrk_start
 .bss.errno     0x20000298        0x4 d:/program files (x86)/gnu arm embedded toolchain/10 2021.10/bin/../lib/gcc/arm-none-eabi/10.3.1/../../../../arm-none-eabi/lib/thumb/v6-m/nofp\libc_nano.a(lib_a-reent.o)
                0x20000298                errno
 .bss.__lock___malloc_recursive_mutex
                0x2000029c        0x1 d:/program files (x86)/gnu arm embedded toolchain/10 2021.10/bin/../lib/gcc/arm-none-eabi/10.3.1/../../../../arm-none-eabi/lib/thumb/v6-m/nofp\libc_nano.a(lib_a-lock.o)
                0x2000029c                __lock___malloc_recursive_mutex
 *fill*         0x2000029d        0x3 
 .bss.heap_end.0
                0x200002a0        0x4 d:/program files (x86)/gnu arm embedded toolchain/10 2021.10/bin/../lib/gcc/arm-none-eabi/10.3.1/../../../../arm-none-eabi/lib/thumb/v6-m/nofp\libnosys.a(sbrk.o)
 *(COMMON)
                0x200002a4                . = ALIGN (0x4)
                0x200002a4                _ebss = .
                0x200002a4                __bss_end__ = _ebss

._user_heap_stack
                0x200002a4      0x604 load address 0x080029a0
                0x200002a8                . = ALIGN (0x8)
 *fill*         0x200002a4        0x4 
                0x200002a8                PROVIDE (end = .)
                [!provide]                PROVIDE (_end = .)
                0x200004a8                . = (. + _Min_Heap_Size)
 *fill*         0x200002a8      0x200 
                0x200008a8                . = (. + _Min_Stack_Size)
 *fill*         0x200004a8      0x400 
                0x200008a8                . = ALIGN (0x8)

/DISCARD/
 libc.a(*)
 libm.a(*)
 libgcc.a(*)
OUTPUT(build/MCU1.elf elf32-littlearm)
LOAD linker stubs
LOAD d:/program files (x86)/gnu arm embedded toolchain/10 2021.10/bin/../lib/gcc/arm-none-eabi/10.3.1/../../../../arm-none-eabi/lib/thumb/v6-m/nofp\libc.a
LOAD d:/program files (x86)/gnu arm embedded toolchain/10 2021.10/bin/../lib/gcc/arm-none-eabi/10.3.1/../../../../arm-none-eabi/lib/thumb/v6-m/nofp\libm.a
LOAD d:/program files (x86)/gnu arm embedded toolchain/10 2021.10/bin/../lib/gcc/arm-none-eabi/10.3.1/thumb/v6-m/nofp\libgcc.a

.ARM.attributes
                0x00000000       0x28
 .ARM.attributes
                0x00000000       0x1e d:/program files (x86)/gnu arm embedded toolchain/10 2021.10/bin/../lib/gcc/arm-none-eabi/10.3.1/thumb/v6-m/nofp/crti.o
 .ARM.attributes
                0x0000001e       0x2c d:/program files (x86)/gnu arm embedded toolchain/10 2021.10/bin/../lib/gcc/arm-none-eabi/10.3.1/thumb/v6-m/nofp/crtbegin.o
 .ARM.attributes
                0x0000004a       0x2c build/main.o
 .ARM.attributes
                0x00000076       0x2c build/gpio.o
 .ARM.attributes
                0x000000a2       0x2c build/i2c.o
 .ARM.attributes
                0x000000ce       0x2c build/spi.o
 .ARM.attributes
                0x000000fa       0x2c build/usart.o
 .ARM.attributes
                0x00000126       0x2c build/stm32c0xx_it.o
 .ARM.attributes
                0x00000152       0x2c build/stm32c0xx_hal_msp.o
 .ARM.attributes
                0x0000017e       0x2c build/stm32c0xx_nucleo.o
 .ARM.attributes
                0x000001aa       0x2c build/stm32c0xx_hal.o
 .ARM.attributes
                0x000001d6       0x2c build/stm32c0xx_hal_spi.o
 .ARM.attributes
                0x00000202       0x2c build/stm32c0xx_hal_cortex.o
 .ARM.attributes
                0x0000022e       0x2c build/stm32c0xx_hal_rcc.o
 .ARM.attributes
                0x0000025a       0x2c build/stm32c0xx_hal_rcc_ex.o
 .ARM.attributes
                0x00000286       0x2c build/stm32c0xx_hal_gpio.o
 .ARM.attributes
                0x000002b2       0x2c build/stm32c0xx_hal_exti.o
 .ARM.attributes
                0x000002de       0x2c build/stm32c0xx_hal_i2c.o
 .ARM.attributes
                0x0000030a       0x2c build/stm32c0xx_hal_i2c_ex.o
 .ARM.attributes
                0x00000336       0x2c build/stm32c0xx_hal_uart.o
 .ARM.attributes
                0x00000362       0x2c build/system_stm32c0xx.o
 .ARM.attributes
                0x0000038e       0x22 build/startup_stm32c031xx.o
 .ARM.attributes
                0x000003b0       0x2c d:/program files (x86)/gnu arm embedded toolchain/10 2021.10/bin/../lib/gcc/arm-none-eabi/10.3.1/../../../../arm-none-eabi/lib/thumb/v6-m/nofp\libc_nano.a(lib_a-impure.o)
 .ARM.attributes
                0x000003dc       0x2c d:/program files (x86)/gnu arm embedded toolchain/10 2021.10/bin/../lib/gcc/arm-none-eabi/10.3.1/../../../../arm-none-eabi/lib/thumb/v6-m/nofp\libc_nano.a(lib_a-init.o)
 .ARM.attributes
                0x00000408       0x2c d:/program files (x86)/gnu arm embedded toolchain/10 2021.10/bin/../lib/gcc/arm-none-eabi/10.3.1/../../../../arm-none-eabi/lib/thumb/v6-m/nofp\libc_nano.a(lib_a-memset.o)
 .ARM.attributes
                0x00000434       0x2c d:/program files (x86)/gnu arm embedded toolchain/10 2021.10/bin/../lib/gcc/arm-none-eabi/10.3.1/../../../../arm-none-eabi/lib/thumb/v6-m/nofp\libc_nano.a(lib_a-snprintf.o)
 .ARM.attributes
                0x00000460       0x1c d:/program files (x86)/gnu arm embedded toolchain/10 2021.10/bin/../lib/gcc/arm-none-eabi/10.3.1/../../../../arm-none-eabi/lib/thumb/v6-m/nofp\libc_nano.a(lib_a-strlen.o)
 .ARM.attributes
                0x0000047c       0x2c d:/program files (x86)/gnu arm embedded toolchain/10 2021.10/bin/../lib/gcc/arm-none-eabi/10.3.1/../../../../arm-none-eabi/lib/thumb/v6-m/nofp\libc_nano.a(lib_a-nano-svfprintf.o)
 .ARM.attributes
                0x000004a8       0x2c d:/program files (x86)/gnu arm embedded toolchain/10 2021.10/bin/../lib/gcc/arm-none-eabi/10.3.1/../../../../arm-none-eabi/lib/thumb/v6-m/nofp\libc_nano.a(lib_a-nano-vfprintf_i.o)
 .ARM.attributes
                0x000004d4       0x2c d:/program files (x86)/gnu arm embedded toolchain/10 2021.10/bin/../lib/gcc/arm-none-eabi/10.3.1/../../../../arm-none-eabi/lib/thumb/v6-m/nofp\libc_nano.a(lib_a-memchr-stub.o)
 .ARM.attributes
                0x00000500       0x2c d:/program files (x86)/gnu arm embedded toolchain/10 2021.10/bin/../lib/gcc/arm-none-eabi/10.3.1/../../../../arm-none-eabi/lib/thumb/v6-m/nofp\libc_nano.a(lib_a-memcpy-stub.o)
 .ARM.attributes
                0x0000052c       0x2c d:/program files (x86)/gnu arm embedded toolchain/10 2021.10/bin/../lib/gcc/arm-none-eabi/10.3.1/../../../../arm-none-eabi/lib/thumb/v6-m/nofp\libc_nano.a(lib_a-memmove.o)
 .ARM.attributes
                0x00000558       0x2c d:/program files (x86)/gnu arm embedded toolchain/10 2021.10/bin/../lib/gcc/arm-none-eabi/10.3.1/../../../../arm-none-eabi/lib/thumb/v6-m/nofp\libc_nano.a(lib_a-nano-freer.o)
 .ARM.attributes
                0x00000584       0x2c d:/program files (x86)/gnu arm embedded toolchain/10 2021.10/bin/../lib/gcc/arm-none-eabi/10.3.1/../../../../arm-none-eabi/lib/thumb/v6-m/nofp\libc_nano.a(lib_a-nano-mallocr.o)
 .ARM.attributes
                0x000005b0       0x2c d:/program files (x86)/gnu arm embedded toolchain/10 2021.10/bin/../lib/gcc/arm-none-eabi/10.3.1/../../../../arm-none-eabi/lib/thumb/v6-m/nofp\libc_nano.a(lib_a-nano-reallocr.o)
 .ARM.attributes
                0x000005dc       0x2c d:/program files (x86)/gnu arm embedded toolchain/10 2021.10/bin/../lib/gcc/arm-none-eabi/10.3.1/../../../../arm-none-eabi/lib/thumb/v6-m/nofp\libc_nano.a(lib_a-sbrkr.o)
 .ARM.attributes
                0x00000608       0x2c d:/program files (x86)/gnu arm embedded toolchain/10 2021.10/bin/../lib/gcc/arm-none-eabi/10.3.1/../../../../arm-none-eabi/lib/thumb/v6-m/nofp\libc_nano.a(lib_a-mlock.o)
 .ARM.attributes
                0x00000634       0x2c d:/program files (x86)/gnu arm embedded toolchain/10 2021.10/bin/../lib/gcc/arm-none-eabi/10.3.1/../../../../arm-none-eabi/lib/thumb/v6-m/nofp\libc_nano.a(lib_a-nano-msizer.o)
 .ARM.attributes
                0x00000660       0x2c d:/program files (x86)/gnu arm embedded toolchain/10 2021.10/bin/../lib/gcc/arm-none-eabi/10.3.1/../../../../arm-none-eabi/lib/thumb/v6-m/nofp\libc_nano.a(lib_a-reent.o)
 .ARM.attributes
                0x0000068c       0x2c d:/program files (x86)/gnu arm embedded toolchain/10 2021.10/bin/../lib/gcc/arm-none-eabi/10.3.1/../../../../arm-none-eabi/lib/thumb/v6-m/nofp\libc_nano.a(lib_a-lock.o)
 .ARM.attributes
                0x000006b8       0x2c d:/program files (x86)/gnu arm embedded toolchain/10 2021.10/bin/../lib/gcc/arm-none-eabi/10.3.1/../../../../arm-none-eabi/lib/thumb/v6-m/nofp\libnosys.a(sbrk.o)
 .ARM.attributes
                0x000006e4       0x1e d:/program files (x86)/gnu arm embedded toolchain/10 2021.10/bin/../lib/gcc/arm-none-eabi/10.3.1/thumb/v6-m/nofp\libgcc.a(_thumb1_case_shi.o)
 .ARM.attributes
                0x00000702       0x1e d:/program files (x86)/gnu arm embedded toolchain/10 2021.10/bin/../lib/gcc/arm-none-eabi/10.3.1/thumb/v6-m/nofp\libgcc.a(_udivsi3.o)
 .ARM.attributes
                0x00000720       0x1e d:/program files (x86)/gnu arm embedded toolchain/10 2021.10/bin/../lib/gcc/arm-none-eabi/10.3.1/thumb/v6-m/nofp\libgcc.a(_dvmd_tls.o)
 .ARM.attributes
                0x0000073e       0x1e d:/program files (x86)/gnu arm embedded toolchain/10 2021.10/bin/../lib/gcc/arm-none-eabi/10.3.1/thumb/v6-m/nofp/crtn.o

.comment        0x00000000       0x49
 .comment       0x00000000       0x49 build/main.o
                                 0x4a (size before relaxing)
 .comment       0x00000049       0x4a build/gpio.o
 .comment       0x00000049       0x4a build/i2c.o
 .comment       0x00000049       0x4a build/spi.o
 .comment       0x00000049       0x4a build/usart.o
 .comment       0x00000049       0x4a build/stm32c0xx_it.o
 .comment       0x00000049       0x4a build/stm32c0xx_hal_msp.o
 .comment       0x00000049       0x4a build/stm32c0xx_nucleo.o
 .comment       0x00000049       0x4a build/stm32c0xx_hal.o
 .comment       0x00000049       0x4a build/stm32c0xx_hal_spi.o
 .comment       0x00000049       0x4a build/stm32c0xx_hal_cortex.o
 .comment       0x00000049       0x4a build/stm32c0xx_hal_rcc.o
 .comment       0x00000049       0x4a build/stm32c0xx_hal_rcc_ex.o
 .comment       0x00000049       0x4a build/stm32c0xx_hal_gpio.o
 .comment       0x00000049       0x4a build/stm32c0xx_hal_exti.o
 .comment       0x00000049       0x4a build/stm32c0xx_hal_i2c.o
 .comment       0x00000049       0x4a build/stm32c0xx_hal_i2c_ex.o
 .comment       0x00000049       0x4a build/stm32c0xx_hal_uart.o
 .comment       0x00000049       0x4a build/system_stm32c0xx.o

.debug_info     0x00000000    0x1689c
 .debug_info    0x00000000     0x1293 build/main.o
 .debug_info    0x00001293      0x4c4 build/gpio.o
 .debug_info    0x00001757      0xd37 build/i2c.o
 .debug_info    0x0000248e      0x7b5 build/spi.o
 .debug_info    0x00002c43      0x8b4 build/usart.o
 .debug_info    0x000034f7      0x15f build/stm32c0xx_it.o
 .debug_info    0x00003656      0x280 build/stm32c0xx_hal_msp.o
 .debug_info    0x000038d6     0x19f5 build/stm32c0xx_nucleo.o
 .debug_info    0x000052cb      0x9fa build/stm32c0xx_hal.o
 .debug_info    0x00005cc5     0x2309 build/stm32c0xx_hal_spi.o
 .debug_info    0x00007fce      0xaf5 build/stm32c0xx_hal_cortex.o
 .debug_info    0x00008ac3      0xc17 build/stm32c0xx_hal_rcc.o
 .debug_info    0x000096da      0x6e0 build/stm32c0xx_hal_rcc_ex.o
 .debug_info    0x00009dba      0x6c1 build/stm32c0xx_hal_gpio.o
 .debug_info    0x0000a47b      0x7ab build/stm32c0xx_hal_exti.o
 .debug_info    0x0000ac26     0x474a build/stm32c0xx_hal_i2c.o
 .debug_info    0x0000f370      0xb73 build/stm32c0xx_hal_i2c_ex.o
 .debug_info    0x0000fee3     0x65c1 build/stm32c0xx_hal_uart.o
 .debug_info    0x000164a4      0x3d6 build/system_stm32c0xx.o
 .debug_info    0x0001687a       0x22 build/startup_stm32c031xx.o

.debug_abbrev   0x00000000     0x2867
 .debug_abbrev  0x00000000      0x264 build/main.o
 .debug_abbrev  0x00000264      0x163 build/gpio.o
 .debug_abbrev  0x000003c7      0x1f4 build/i2c.o
 .debug_abbrev  0x000005bb      0x191 build/spi.o
 .debug_abbrev  0x0000074c      0x191 build/usart.o
 .debug_abbrev  0x000008dd       0xb4 build/stm32c0xx_it.o
 .debug_abbrev  0x00000991       0xd3 build/stm32c0xx_hal_msp.o
 .debug_abbrev  0x00000a64      0x376 build/stm32c0xx_nucleo.o
 .debug_abbrev  0x00000dda      0x322 build/stm32c0xx_hal.o
 .debug_abbrev  0x000010fc      0x27e build/stm32c0xx_hal_spi.o
 .debug_abbrev  0x0000137a      0x2d4 build/stm32c0xx_hal_cortex.o
 .debug_abbrev  0x0000164e      0x293 build/stm32c0xx_hal_rcc.o
 .debug_abbrev  0x000018e1      0x275 build/stm32c0xx_hal_rcc_ex.o
 .debug_abbrev  0x00001b56      0x23c build/stm32c0xx_hal_gpio.o
 .debug_abbrev  0x00001d92      0x1b4 build/stm32c0xx_hal_exti.o
 .debug_abbrev  0x00001f46      0x2c1 build/stm32c0xx_hal_i2c.o
 .debug_abbrev  0x00002207      0x1d5 build/stm32c0xx_hal_i2c_ex.o
 .debug_abbrev  0x000023dc      0x34d build/stm32c0xx_hal_uart.o
 .debug_abbrev  0x00002729      0x12c build/system_stm32c0xx.o
 .debug_abbrev  0x00002855       0x12 build/startup_stm32c031xx.o

.debug_loc      0x00000000    0x104b2
 .debug_loc     0x00000000       0x59 build/main.o
 .debug_loc     0x00000059       0x2c build/gpio.o
 .debug_loc     0x00000085      0x10b build/i2c.o
 .debug_loc     0x00000190       0x20 build/spi.o
 .debug_loc     0x000001b0       0x20 build/usart.o
 .debug_loc     0x000001d0       0x40 build/stm32c0xx_it.o
 .debug_loc     0x00000210       0x20 build/stm32c0xx_hal_msp.o
 .debug_loc     0x00000230      0x830 build/stm32c0xx_nucleo.o
 .debug_loc     0x00000a60      0x2cb build/stm32c0xx_hal.o
 .debug_loc     0x00000d2b     0x2577 build/stm32c0xx_hal_spi.o
 .debug_loc     0x000032a2      0x498 build/stm32c0xx_hal_cortex.o
 .debug_loc     0x0000373a      0x78d build/stm32c0xx_hal_rcc.o
 .debug_loc     0x00003ec7      0x673 build/stm32c0xx_hal_rcc_ex.o
 .debug_loc     0x0000453a      0x50a build/stm32c0xx_hal_gpio.o
 .debug_loc     0x00004a44      0xcb2 build/stm32c0xx_hal_exti.o
 .debug_loc     0x000056f6     0x5d53 build/stm32c0xx_hal_i2c.o
 .debug_loc     0x0000b449      0x2d0 build/stm32c0xx_hal_i2c_ex.o
 .debug_loc     0x0000b719     0x4d6b build/stm32c0xx_hal_uart.o
 .debug_loc     0x00010484       0x2e build/system_stm32c0xx.o

.debug_aranges  0x00000000      0xc70
 .debug_aranges
                0x00000000       0x30 build/main.o
 .debug_aranges
                0x00000030       0x20 build/gpio.o
 .debug_aranges
                0x00000050       0x30 build/i2c.o
 .debug_aranges
                0x00000080       0x20 build/spi.o
 .debug_aranges
                0x000000a0       0x20 build/usart.o
 .debug_aranges
                0x000000c0       0x48 build/stm32c0xx_it.o
 .debug_aranges
                0x00000108       0x20 build/stm32c0xx_hal_msp.o
 .debug_aranges
                0x00000128       0xc8 build/stm32c0xx_nucleo.o
 .debug_aranges
                0x000001f0       0xf0 build/stm32c0xx_hal.o
 .debug_aranges
                0x000002e0      0x1d8 build/stm32c0xx_hal_spi.o
 .debug_aranges
                0x000004b8       0xa0 build/stm32c0xx_hal_cortex.o
 .debug_aranges
                0x00000558       0x90 build/stm32c0xx_hal_rcc.o
 .debug_aranges
                0x000005e8       0x40 build/stm32c0xx_hal_rcc_ex.o
 .debug_aranges
                0x00000628       0x68 build/stm32c0xx_hal_gpio.o
 .debug_aranges
                0x00000690       0x60 build/stm32c0xx_hal_exti.o
 .debug_aranges
                0x000006f0      0x2a0 build/stm32c0xx_hal_i2c.o
 .debug_aranges
                0x00000990       0x48 build/stm32c0xx_hal_i2c_ex.o
 .debug_aranges
                0x000009d8      0x248 build/stm32c0xx_hal_uart.o
 .debug_aranges
                0x00000c20       0x28 build/system_stm32c0xx.o
 .debug_aranges
                0x00000c48       0x28 build/startup_stm32c031xx.o

.debug_ranges   0x00000000      0xbf0
 .debug_ranges  0x00000000       0x20 build/main.o
 .debug_ranges  0x00000020       0x10 build/gpio.o
 .debug_ranges  0x00000030       0x20 build/i2c.o
 .debug_ranges  0x00000050       0x10 build/spi.o
 .debug_ranges  0x00000060       0x10 build/usart.o
 .debug_ranges  0x00000070       0x38 build/stm32c0xx_it.o
 .debug_ranges  0x000000a8       0x10 build/stm32c0xx_hal_msp.o
 .debug_ranges  0x000000b8       0xb8 build/stm32c0xx_nucleo.o
 .debug_ranges  0x00000170       0xe0 build/stm32c0xx_hal.o
 .debug_ranges  0x00000250      0x1c8 build/stm32c0xx_hal_spi.o
 .debug_ranges  0x00000418       0xf0 build/stm32c0xx_hal_cortex.o
 .debug_ranges  0x00000508       0xb8 build/stm32c0xx_hal_rcc.o
 .debug_ranges  0x000005c0       0x50 build/stm32c0xx_hal_rcc_ex.o
 .debug_ranges  0x00000610       0x58 build/stm32c0xx_hal_gpio.o
 .debug_ranges  0x00000668       0x50 build/stm32c0xx_hal_exti.o
 .debug_ranges  0x000006b8      0x290 build/stm32c0xx_hal_i2c.o
 .debug_ranges  0x00000948       0x38 build/stm32c0xx_hal_i2c_ex.o
 .debug_ranges  0x00000980      0x238 build/stm32c0xx_hal_uart.o
 .debug_ranges  0x00000bb8       0x18 build/system_stm32c0xx.o
 .debug_ranges  0x00000bd0       0x20 build/startup_stm32c031xx.o

.debug_line     0x00000000    0x11235
 .debug_line    0x00000000      0x458 build/main.o
 .debug_line    0x00000458      0x201 build/gpio.o
 .debug_line    0x00000659      0x366 build/i2c.o
 .debug_line    0x000009bf      0x239 build/spi.o
 .debug_line    0x00000bf8      0x228 build/usart.o
 .debug_line    0x00000e20      0x143 build/stm32c0xx_it.o
 .debug_line    0x00000f63      0x16e build/stm32c0xx_hal_msp.o
 .debug_line    0x000010d1      0x7ce build/stm32c0xx_nucleo.o
 .debug_line    0x0000189f      0x5da build/stm32c0xx_hal.o
 .debug_line    0x00001e79     0x2a2d build/stm32c0xx_hal_spi.o
 .debug_line    0x000048a6      0x69d build/stm32c0xx_hal_cortex.o
 .debug_line    0x00004f43      0xa7f build/stm32c0xx_hal_rcc.o
 .debug_line    0x000059c2      0x5f9 build/stm32c0xx_hal_rcc_ex.o
 .debug_line    0x00005fbb      0x6d4 build/stm32c0xx_hal_gpio.o
 .debug_line    0x0000668f      0x7ea build/stm32c0xx_hal_exti.o
 .debug_line    0x00006e79     0x5267 build/stm32c0xx_hal_i2c.o
 .debug_line    0x0000c0e0      0x4d3 build/stm32c0xx_hal_i2c_ex.o
 .debug_line    0x0000c5b3     0x49e9 build/stm32c0xx_hal_uart.o
 .debug_line    0x00010f9c      0x220 build/system_stm32c0xx.o
 .debug_line    0x000111bc       0x79 build/startup_stm32c031xx.o

.debug_str      0x00000000     0x3b09
 .debug_str     0x00000000      0xbe1 build/main.o
                                0xcc4 (size before relaxing)
 .debug_str     0x00000be1      0x15c build/gpio.o
                                0x349 (size before relaxing)
 .debug_str     0x00000d3d      0x3b6 build/i2c.o
                                0x9ee (size before relaxing)
 .debug_str     0x000010f3       0x1c build/spi.o
                                0x6c3 (size before relaxing)
 .debug_str     0x0000110f       0x1f build/usart.o
                                0x747 (size before relaxing)
 .debug_str     0x0000112e       0x93 build/stm32c0xx_it.o
                                0x221 (size before relaxing)
 .debug_str     0x000011c1       0x29 build/stm32c0xx_hal_msp.o
                                0x26e (size before relaxing)
 .debug_str     0x000011ea      0x4e6 build/stm32c0xx_nucleo.o
                                0xf53 (size before relaxing)
 .debug_str     0x000016d0      0x386 build/stm32c0xx_hal.o
                                0x7b0 (size before relaxing)
 .debug_str     0x00001a56      0x5c1 build/stm32c0xx_hal_spi.o
                                0xccc (size before relaxing)
 .debug_str     0x00002017      0x34d build/stm32c0xx_hal_cortex.o
                                0x70d (size before relaxing)
 .debug_str     0x00002364      0x234 build/stm32c0xx_hal_rcc.o
                                0x6de (size before relaxing)
 .debug_str     0x00002598       0xcd build/stm32c0xx_hal_rcc_ex.o
                                0x513 (size before relaxing)
 .debug_str     0x00002665      0x14c build/stm32c0xx_hal_gpio.o
                                0x41f (size before relaxing)
 .debug_str     0x000027b1      0x14e build/stm32c0xx_hal_exti.o
                                0x440 (size before relaxing)
 .debug_str     0x000028ff      0x8a3 build/stm32c0xx_hal_i2c.o
                               0x10ae (size before relaxing)
 .debug_str     0x000031a2       0xb5 build/stm32c0xx_hal_i2c_ex.o
                                0x925 (size before relaxing)
 .debug_str     0x00003257      0x84a build/stm32c0xx_hal_uart.o
                               0x111f (size before relaxing)
 .debug_str     0x00003aa1       0x44 build/system_stm32c0xx.o
                                0x2df (size before relaxing)
 .debug_str     0x00003ae5       0x24 build/startup_stm32c031xx.o
                                 0x75 (size before relaxing)

.debug_frame    0x00000000     0x2544
 .debug_frame   0x00000000       0x54 build/main.o
 .debug_frame   0x00000054       0x30 build/gpio.o
 .debug_frame   0x00000084       0x5c build/i2c.o
 .debug_frame   0x000000e0       0x28 build/spi.o
 .debug_frame   0x00000108       0x28 build/usart.o
 .debug_frame   0x00000130       0x80 build/stm32c0xx_it.o
 .debug_frame   0x000001b0       0x24 build/stm32c0xx_hal_msp.o
 .debug_frame   0x000001d4      0x220 build/stm32c0xx_nucleo.o
 .debug_frame   0x000003f4      0x1ec build/stm32c0xx_hal.o
 .debug_frame   0x000005e0      0x5b4 build/stm32c0xx_hal_spi.o
 .debug_frame   0x00000b94      0x134 build/stm32c0xx_hal_cortex.o
 .debug_frame   0x00000cc8      0x168 build/stm32c0xx_hal_rcc.o
 .debug_frame   0x00000e30       0x84 build/stm32c0xx_hal_rcc_ex.o
 .debug_frame   0x00000eb4       0xe8 build/stm32c0xx_hal_gpio.o
 .debug_frame   0x00000f9c       0xec build/stm32c0xx_hal_exti.o
 .debug_frame   0x00001088      0x8b8 build/stm32c0xx_hal_i2c.o
 .debug_frame   0x00001940       0xb0 build/stm32c0xx_hal_i2c_ex.o
 .debug_frame   0x000019f0      0x6dc build/stm32c0xx_hal_uart.o
 .debug_frame   0x000020cc       0x30 build/system_stm32c0xx.o
 .debug_frame   0x000020fc       0x2c d:/program files (x86)/gnu arm embedded toolchain/10 2021.10/bin/../lib/gcc/arm-none-eabi/10.3.1/../../../../arm-none-eabi/lib/thumb/v6-m/nofp\libc_nano.a(lib_a-init.o)
 .debug_frame   0x00002128       0x20 d:/program files (x86)/gnu arm embedded toolchain/10 2021.10/bin/../lib/gcc/arm-none-eabi/10.3.1/../../../../arm-none-eabi/lib/thumb/v6-m/nofp\libc_nano.a(lib_a-memset.o)
 .debug_frame   0x00002148       0x50 d:/program files (x86)/gnu arm embedded toolchain/10 2021.10/bin/../lib/gcc/arm-none-eabi/10.3.1/../../../../arm-none-eabi/lib/thumb/v6-m/nofp\libc_nano.a(lib_a-snprintf.o)
 .debug_frame   0x00002198       0x74 d:/program files (x86)/gnu arm embedded toolchain/10 2021.10/bin/../lib/gcc/arm-none-eabi/10.3.1/../../../../arm-none-eabi/lib/thumb/v6-m/nofp\libc_nano.a(lib_a-nano-svfprintf.o)
 .debug_frame   0x0000220c       0x54 d:/program files (x86)/gnu arm embedded toolchain/10 2021.10/bin/../lib/gcc/arm-none-eabi/10.3.1/../../../../arm-none-eabi/lib/thumb/v6-m/nofp\libc_nano.a(lib_a-nano-vfprintf_i.o)
 .debug_frame   0x00002260       0x20 d:/program files (x86)/gnu arm embedded toolchain/10 2021.10/bin/../lib/gcc/arm-none-eabi/10.3.1/../../../../arm-none-eabi/lib/thumb/v6-m/nofp\libc_nano.a(lib_a-memchr-stub.o)
 .debug_frame   0x00002280       0x28 d:/program files (x86)/gnu arm embedded toolchain/10 2021.10/bin/../lib/gcc/arm-none-eabi/10.3.1/../../../../arm-none-eabi/lib/thumb/v6-m/nofp\libc_nano.a(lib_a-memcpy-stub.o)
 .debug_frame   0x000022a8       0x28 d:/program files (x86)/gnu arm embedded toolchain/10 2021.10/bin/../lib/gcc/arm-none-eabi/10.3.1/../../../../arm-none-eabi/lib/thumb/v6-m/nofp\libc_nano.a(lib_a-memmove.o)
 .debug_frame   0x000022d0       0x2c d:/program files (x86)/gnu arm embedded toolchain/10 2021.10/bin/../lib/gcc/arm-none-eabi/10.3.1/../../../../arm-none-eabi/lib/thumb/v6-m/nofp\libc_nano.a(lib_a-nano-freer.o)
 .debug_frame   0x000022fc       0x50 d:/program files (x86)/gnu arm embedded toolchain/10 2021.10/bin/../lib/gcc/arm-none-eabi/10.3.1/../../../../arm-none-eabi/lib/thumb/v6-m/nofp\libc_nano.a(lib_a-nano-mallocr.o)
 .debug_frame   0x0000234c       0x34 d:/program files (x86)/gnu arm embedded toolchain/10 2021.10/bin/../lib/gcc/arm-none-eabi/10.3.1/../../../../arm-none-eabi/lib/thumb/v6-m/nofp\libc_nano.a(lib_a-nano-reallocr.o)
 .debug_frame   0x00002380       0x2c d:/program files (x86)/gnu arm embedded toolchain/10 2021.10/bin/../lib/gcc/arm-none-eabi/10.3.1/../../../../arm-none-eabi/lib/thumb/v6-m/nofp\libc_nano.a(lib_a-sbrkr.o)
 .debug_frame   0x000023ac       0x40 d:/program files (x86)/gnu arm embedded toolchain/10 2021.10/bin/../lib/gcc/arm-none-eabi/10.3.1/../../../../arm-none-eabi/lib/thumb/v6-m/nofp\libc_nano.a(lib_a-mlock.o)
 .debug_frame   0x000023ec       0x20 d:/program files (x86)/gnu arm embedded toolchain/10 2021.10/bin/../lib/gcc/arm-none-eabi/10.3.1/../../../../arm-none-eabi/lib/thumb/v6-m/nofp\libc_nano.a(lib_a-nano-msizer.o)
 .debug_frame   0x0000240c       0x48 d:/program files (x86)/gnu arm embedded toolchain/10 2021.10/bin/../lib/gcc/arm-none-eabi/10.3.1/../../../../arm-none-eabi/lib/thumb/v6-m/nofp\libc_nano.a(lib_a-reent.o)
 .debug_frame   0x00002454       0xb0 d:/program files (x86)/gnu arm embedded toolchain/10 2021.10/bin/../lib/gcc/arm-none-eabi/10.3.1/../../../../arm-none-eabi/lib/thumb/v6-m/nofp\libc_nano.a(lib_a-lock.o)
 .debug_frame   0x00002504       0x20 d:/program files (x86)/gnu arm embedded toolchain/10 2021.10/bin/../lib/gcc/arm-none-eabi/10.3.1/../../../../arm-none-eabi/lib/thumb/v6-m/nofp\libnosys.a(sbrk.o)
 .debug_frame   0x00002524       0x20 d:/program files (x86)/gnu arm embedded toolchain/10 2021.10/bin/../lib/gcc/arm-none-eabi/10.3.1/thumb/v6-m/nofp\libgcc.a(_udivsi3.o)

Cross Reference Table

Symbol                                            File
ADC1_IRQHandler                                   build/startup_stm32c031xx.o
AHBPrescTable                                     build/system_stm32c0xx.o
                                                  build/stm32c0xx_hal_rcc.o
APBPrescTable                                     build/system_stm32c0xx.o
                                                  build/stm32c0xx_hal_rcc.o
BSP_COM_DeInit                                    build/stm32c0xx_nucleo.o
BSP_COM_Init                                      build/stm32c0xx_nucleo.o
                                                  build/main.o
BSP_COM_SelectLogPort                             build/stm32c0xx_nucleo.o
BSP_GetBoardID                                    build/stm32c0xx_nucleo.o
BSP_GetBoardName                                  build/stm32c0xx_nucleo.o
BSP_GetVersion                                    build/stm32c0xx_nucleo.o
BSP_LED_DeInit                                    build/stm32c0xx_nucleo.o
BSP_LED_GetState                                  build/stm32c0xx_nucleo.o
BSP_LED_Init                                      build/stm32c0xx_nucleo.o
                                                  build/main.o
BSP_LED_Off                                       build/stm32c0xx_nucleo.o
BSP_LED_On                                        build/stm32c0xx_nucleo.o
BSP_LED_Toggle                                    build/stm32c0xx_nucleo.o
BSP_PB_Callback                                   build/stm32c0xx_nucleo.o
BSP_PB_DeInit                                     build/stm32c0xx_nucleo.o
BSP_PB_GetState                                   build/stm32c0xx_nucleo.o
BSP_PB_IRQHandler                                 build/stm32c0xx_nucleo.o
                                                  build/stm32c0xx_it.o
BSP_PB_Init                                       build/stm32c0xx_nucleo.o
                                                  build/main.o
BspCOMInit                                        build/main.o
COM_USART                                         build/stm32c0xx_nucleo.o
DMA1_Channel1_IRQHandler                          build/startup_stm32c031xx.o
DMA1_Channel2_3_IRQHandler                        build/startup_stm32c031xx.o
DMAMUX1_IRQHandler                                build/startup_stm32c031xx.o
Default_Handler                                   build/startup_stm32c031xx.o
EXTI0_1_IRQHandler                                build/startup_stm32c031xx.o
EXTI2_3_IRQHandler                                build/startup_stm32c031xx.o
EXTI4_15_IRQHandler                               build/stm32c0xx_it.o
Error_Handler                                     build/main.o
                                                  build/usart.o
                                                  build/spi.o
                                                  build/i2c.o
FLASH_FlushCaches                                 build/stm32c0xx_hal_flash_ex.o
FLASH_IRQHandler                                  build/startup_stm32c031xx.o
FLASH_PageErase                                   build/stm32c0xx_hal_flash_ex.o
                                                  build/stm32c0xx_hal_flash.o
FLASH_WaitForLastOperation                        build/stm32c0xx_hal_flash.o
                                                  build/stm32c0xx_hal_flash_ex.o
HAL_DBGMCU_DisableDBGStandbyMode                  build/stm32c0xx_hal.o
HAL_DBGMCU_DisableDBGStopMode                     build/stm32c0xx_hal.o
HAL_DBGMCU_EnableDBGStandbyMode                   build/stm32c0xx_hal.o
HAL_DBGMCU_EnableDBGStopMode                      build/stm32c0xx_hal.o
HAL_DMAEx_ConfigMuxRequestGenerator               build/stm32c0xx_hal_dma_ex.o
HAL_DMAEx_ConfigMuxSync                           build/stm32c0xx_hal_dma_ex.o
HAL_DMAEx_DisableMuxRequestGenerator              build/stm32c0xx_hal_dma_ex.o
HAL_DMAEx_EnableMuxRequestGenerator               build/stm32c0xx_hal_dma_ex.o
HAL_DMAEx_MUX_IRQHandler                          build/stm32c0xx_hal_dma_ex.o
HAL_DMA_Abort                                     build/stm32c0xx_hal_dma.o
                                                  build/stm32c0xx_hal_uart.o
                                                  build/stm32c0xx_hal_spi.o
HAL_DMA_Abort_IT                                  build/stm32c0xx_hal_dma.o
                                                  build/stm32c0xx_hal_uart.o
                                                  build/stm32c0xx_hal_i2c.o
                                                  build/stm32c0xx_hal_spi.o
HAL_DMA_DeInit                                    build/stm32c0xx_hal_dma.o
HAL_DMA_GetError                                  build/stm32c0xx_hal_dma.o
                                                  build/stm32c0xx_hal_uart.o
HAL_DMA_GetState                                  build/stm32c0xx_hal_dma.o
                                                  build/stm32c0xx_hal_i2c.o
HAL_DMA_IRQHandler                                build/stm32c0xx_hal_dma.o
HAL_DMA_Init                                      build/stm32c0xx_hal_dma.o
HAL_DMA_PollForTransfer                           build/stm32c0xx_hal_dma.o
HAL_DMA_RegisterCallback                          build/stm32c0xx_hal_dma.o
HAL_DMA_Start                                     build/stm32c0xx_hal_dma.o
HAL_DMA_Start_IT                                  build/stm32c0xx_hal_dma.o
                                                  build/stm32c0xx_hal_uart.o
                                                  build/stm32c0xx_hal_i2c.o
                                                  build/stm32c0xx_hal_spi.o
HAL_DMA_UnRegisterCallback                        build/stm32c0xx_hal_dma.o
HAL_DeInit                                        build/stm32c0xx_hal.o
HAL_Delay                                         build/stm32c0xx_hal.o
                                                  build/main.o
HAL_EXTI_ClearConfigLine                          build/stm32c0xx_hal_exti.o
HAL_EXTI_ClearPending                             build/stm32c0xx_hal_exti.o
HAL_EXTI_GenerateSWI                              build/stm32c0xx_hal_exti.o
HAL_EXTI_GetConfigLine                            build/stm32c0xx_hal_exti.o
HAL_EXTI_GetHandle                                build/stm32c0xx_hal_exti.o
                                                  build/stm32c0xx_nucleo.o
HAL_EXTI_GetPending                               build/stm32c0xx_hal_exti.o
HAL_EXTI_IRQHandler                               build/stm32c0xx_hal_exti.o
                                                  build/stm32c0xx_nucleo.o
HAL_EXTI_RegisterCallback                         build/stm32c0xx_hal_exti.o
                                                  build/stm32c0xx_nucleo.o
HAL_EXTI_SetConfigLine                            build/stm32c0xx_hal_exti.o
HAL_FLASHEx_DisableDebugger                       build/stm32c0xx_hal_flash_ex.o
HAL_FLASHEx_EnableDebugger                        build/stm32c0xx_hal_flash_ex.o
HAL_FLASHEx_EnableSecMemProtection                build/stm32c0xx_hal_flash_ex.o
HAL_FLASHEx_Erase                                 build/stm32c0xx_hal_flash_ex.o
HAL_FLASHEx_Erase_IT                              build/stm32c0xx_hal_flash_ex.o
HAL_FLASHEx_FlashEmptyCheck                       build/stm32c0xx_hal_flash_ex.o
HAL_FLASHEx_ForceFlashEmpty                       build/stm32c0xx_hal_flash_ex.o
HAL_FLASHEx_OBGetConfig                           build/stm32c0xx_hal_flash_ex.o
HAL_FLASHEx_OBProgram                             build/stm32c0xx_hal_flash_ex.o
HAL_FLASH_EndOfOperationCallback                  build/stm32c0xx_hal_flash.o
HAL_FLASH_GetError                                build/stm32c0xx_hal_flash.o
HAL_FLASH_IRQHandler                              build/stm32c0xx_hal_flash.o
HAL_FLASH_Lock                                    build/stm32c0xx_hal_flash.o
HAL_FLASH_OB_Launch                               build/stm32c0xx_hal_flash.o
HAL_FLASH_OB_Lock                                 build/stm32c0xx_hal_flash.o
HAL_FLASH_OB_Unlock                               build/stm32c0xx_hal_flash.o
HAL_FLASH_OperationErrorCallback                  build/stm32c0xx_hal_flash.o
HAL_FLASH_Program                                 build/stm32c0xx_hal_flash.o
HAL_FLASH_Program_IT                              build/stm32c0xx_hal_flash.o
HAL_FLASH_Unlock                                  build/stm32c0xx_hal_flash.o
HAL_GPIO_DeInit                                   build/stm32c0xx_hal_gpio.o
                                                  build/stm32c0xx_nucleo.o
                                                  build/i2c.o
HAL_GPIO_EXTI_Falling_Callback                    build/stm32c0xx_hal_gpio.o
HAL_GPIO_EXTI_IRQHandler                          build/stm32c0xx_hal_gpio.o
HAL_GPIO_EXTI_Rising_Callback                     build/stm32c0xx_hal_gpio.o
HAL_GPIO_Init                                     build/stm32c0xx_hal_gpio.o
                                                  build/stm32c0xx_hal_rcc_ex.o
                                                  build/stm32c0xx_hal_rcc.o
                                                  build/stm32c0xx_nucleo.o
                                                  build/i2c.o
                                                  build/gpio.o
HAL_GPIO_LockPin                                  build/stm32c0xx_hal_gpio.o
HAL_GPIO_ReadPin                                  build/stm32c0xx_hal_gpio.o
                                                  build/stm32c0xx_nucleo.o
HAL_GPIO_TogglePin                                build/stm32c0xx_hal_gpio.o
                                                  build/stm32c0xx_nucleo.o
HAL_GPIO_WriteMultipleStatePin                    build/stm32c0xx_hal_gpio.o
HAL_GPIO_WritePin                                 build/stm32c0xx_hal_gpio.o
                                                  build/stm32c0xx_nucleo.o
                                                  build/gpio.o
HAL_GetDEVID                                      build/stm32c0xx_hal.o
HAL_GetHalVersion                                 build/stm32c0xx_hal.o
HAL_GetREVID                                      build/stm32c0xx_hal.o
HAL_GetTick                                       build/stm32c0xx_hal.o
                                                  build/stm32c0xx_hal_uart.o
                                                  build/stm32c0xx_hal_uart_ex.o
                                                  build/stm32c0xx_hal_i2c.o
                                                  build/stm32c0xx_hal_dma.o
                                                  build/stm32c0xx_hal_flash.o
                                                  build/stm32c0xx_hal_rcc_ex.o
                                                  build/stm32c0xx_hal_rcc.o
                                                  build/stm32c0xx_hal_spi.o
HAL_GetTickFreq                                   build/stm32c0xx_hal.o
HAL_GetTickPrio                                   build/stm32c0xx_hal.o
HAL_GetUIDw0                                      build/stm32c0xx_hal.o
HAL_GetUIDw1                                      build/stm32c0xx_hal.o
HAL_GetUIDw2                                      build/stm32c0xx_hal.o
HAL_HalfDuplex_EnableReceiver                     build/stm32c0xx_hal_uart.o
HAL_HalfDuplex_EnableTransmitter                  build/stm32c0xx_hal_uart.o
HAL_HalfDuplex_Init                               build/stm32c0xx_hal_uart.o
HAL_I2CEx_ConfigAnalogFilter                      build/stm32c0xx_hal_i2c_ex.o
                                                  build/i2c.o
HAL_I2CEx_ConfigDigitalFilter                     build/stm32c0xx_hal_i2c_ex.o
                                                  build/i2c.o
HAL_I2CEx_DisableFastModePlus                     build/stm32c0xx_hal_i2c_ex.o
HAL_I2CEx_DisableWakeUp                           build/stm32c0xx_hal_i2c_ex.o
HAL_I2CEx_EnableFastModePlus                      build/stm32c0xx_hal_i2c_ex.o
HAL_I2CEx_EnableWakeUp                            build/stm32c0xx_hal_i2c_ex.o
HAL_I2C_AbortCpltCallback                         build/stm32c0xx_hal_i2c.o
HAL_I2C_AddrCallback                              build/stm32c0xx_hal_i2c.o
HAL_I2C_DeInit                                    build/stm32c0xx_hal_i2c.o
HAL_I2C_DisableListen_IT                          build/stm32c0xx_hal_i2c.o
HAL_I2C_ER_IRQHandler                             build/stm32c0xx_hal_i2c.o
HAL_I2C_EV_IRQHandler                             build/stm32c0xx_hal_i2c.o
HAL_I2C_EnableListen_IT                           build/stm32c0xx_hal_i2c.o
HAL_I2C_ErrorCallback                             build/stm32c0xx_hal_i2c.o
HAL_I2C_GetError                                  build/stm32c0xx_hal_i2c.o
HAL_I2C_GetMode                                   build/stm32c0xx_hal_i2c.o
HAL_I2C_GetState                                  build/stm32c0xx_hal_i2c.o
HAL_I2C_Init                                      build/stm32c0xx_hal_i2c.o
                                                  build/i2c.o
HAL_I2C_IsDeviceReady                             build/stm32c0xx_hal_i2c.o
HAL_I2C_ListenCpltCallback                        build/stm32c0xx_hal_i2c.o
HAL_I2C_MasterRxCpltCallback                      build/stm32c0xx_hal_i2c.o
HAL_I2C_MasterTxCpltCallback                      build/stm32c0xx_hal_i2c.o
HAL_I2C_Master_Abort_IT                           build/stm32c0xx_hal_i2c.o
HAL_I2C_Master_Receive                            build/stm32c0xx_hal_i2c.o
HAL_I2C_Master_Receive_DMA                        build/stm32c0xx_hal_i2c.o
HAL_I2C_Master_Receive_IT                         build/stm32c0xx_hal_i2c.o
HAL_I2C_Master_Seq_Receive_DMA                    build/stm32c0xx_hal_i2c.o
HAL_I2C_Master_Seq_Receive_IT                     build/stm32c0xx_hal_i2c.o
HAL_I2C_Master_Seq_Transmit_DMA                   build/stm32c0xx_hal_i2c.o
HAL_I2C_Master_Seq_Transmit_IT                    build/stm32c0xx_hal_i2c.o
HAL_I2C_Master_Transmit                           build/stm32c0xx_hal_i2c.o
HAL_I2C_Master_Transmit_DMA                       build/stm32c0xx_hal_i2c.o
HAL_I2C_Master_Transmit_IT                        build/stm32c0xx_hal_i2c.o
HAL_I2C_MemRxCpltCallback                         build/stm32c0xx_hal_i2c.o
HAL_I2C_MemTxCpltCallback                         build/stm32c0xx_hal_i2c.o
HAL_I2C_Mem_Read                                  build/stm32c0xx_hal_i2c.o
HAL_I2C_Mem_Read_DMA                              build/stm32c0xx_hal_i2c.o
HAL_I2C_Mem_Read_IT                               build/stm32c0xx_hal_i2c.o
HAL_I2C_Mem_Write                                 build/stm32c0xx_hal_i2c.o
HAL_I2C_Mem_Write_DMA                             build/stm32c0xx_hal_i2c.o
HAL_I2C_Mem_Write_IT                              build/stm32c0xx_hal_i2c.o
HAL_I2C_MspDeInit                                 build/i2c.o
HAL_I2C_MspInit                                   build/i2c.o
HAL_I2C_SlaveRxCpltCallback                       build/stm32c0xx_hal_i2c.o
HAL_I2C_SlaveTxCpltCallback                       build/stm32c0xx_hal_i2c.o
HAL_I2C_Slave_Receive                             build/stm32c0xx_hal_i2c.o
HAL_I2C_Slave_Receive_DMA                         build/stm32c0xx_hal_i2c.o
HAL_I2C_Slave_Receive_IT                          build/stm32c0xx_hal_i2c.o
HAL_I2C_Slave_Seq_Receive_DMA                     build/stm32c0xx_hal_i2c.o
HAL_I2C_Slave_Seq_Receive_IT                      build/stm32c0xx_hal_i2c.o
HAL_I2C_Slave_Seq_Transmit_DMA                    build/stm32c0xx_hal_i2c.o
HAL_I2C_Slave_Seq_Transmit_IT                     build/stm32c0xx_hal_i2c.o
HAL_I2C_Slave_Transmit                            build/stm32c0xx_hal_i2c.o
HAL_I2C_Slave_Transmit_DMA                        build/stm32c0xx_hal_i2c.o
HAL_I2C_Slave_Transmit_IT                         build/stm32c0xx_hal_i2c.o
HAL_IncTick                                       build/stm32c0xx_hal.o
                                                  build/stm32c0xx_it.o
HAL_Init                                          build/stm32c0xx_hal.o
                                                  build/main.o
HAL_InitTick                                      build/stm32c0xx_hal.o
                                                  build/stm32c0xx_hal_rcc.o
HAL_LIN_Init                                      build/stm32c0xx_hal_uart.o
HAL_LIN_SendBreak                                 build/stm32c0xx_hal_uart.o
HAL_MPU_ConfigRegion                              build/stm32c0xx_hal_cortex.o
HAL_MPU_Disable                                   build/stm32c0xx_hal_cortex.o
HAL_MPU_DisableRegion                             build/stm32c0xx_hal_cortex.o
HAL_MPU_Enable                                    build/stm32c0xx_hal_cortex.o
HAL_MPU_EnableRegion                              build/stm32c0xx_hal_cortex.o
HAL_MspDeInit                                     build/stm32c0xx_hal.o
HAL_MspInit                                       build/stm32c0xx_hal_msp.o
HAL_MultiProcessorEx_AddressLength_Set            build/stm32c0xx_hal_uart_ex.o
HAL_MultiProcessor_DisableMuteMode                build/stm32c0xx_hal_uart.o
HAL_MultiProcessor_EnableMuteMode                 build/stm32c0xx_hal_uart.o
HAL_MultiProcessor_EnterMuteMode                  build/stm32c0xx_hal_uart.o
HAL_MultiProcessor_Init                           build/stm32c0xx_hal_uart.o
HAL_NVIC_ClearPendingIRQ                          build/stm32c0xx_hal_cortex.o
HAL_NVIC_DisableIRQ                               build/stm32c0xx_hal_cortex.o
                                                  build/stm32c0xx_nucleo.o
HAL_NVIC_EnableIRQ                                build/stm32c0xx_hal_cortex.o
                                                  build/stm32c0xx_nucleo.o
HAL_NVIC_GetPendingIRQ                            build/stm32c0xx_hal_cortex.o
HAL_NVIC_GetPriority                              build/stm32c0xx_hal_cortex.o
HAL_NVIC_SetPendingIRQ                            build/stm32c0xx_hal_cortex.o
HAL_NVIC_SetPriority                              build/stm32c0xx_hal_cortex.o
                                                  build/stm32c0xx_hal.o
                                                  build/stm32c0xx_nucleo.o
HAL_NVIC_SystemReset                              build/stm32c0xx_hal_cortex.o
HAL_PWREx_BKUPRead                                build/stm32c0xx_hal_pwr_ex.o
HAL_PWREx_BKUPWrite                               build/stm32c0xx_hal_pwr_ex.o
HAL_PWREx_DisableFlashPowerDown                   build/stm32c0xx_hal_pwr_ex.o
HAL_PWREx_DisableGPIOPullDown                     build/stm32c0xx_hal_pwr_ex.o
HAL_PWREx_DisableGPIOPullUp                       build/stm32c0xx_hal_pwr_ex.o
HAL_PWREx_DisableInternalWakeUpLine               build/stm32c0xx_hal_pwr_ex.o
HAL_PWREx_DisablePullUpPullDownConfig             build/stm32c0xx_hal_pwr_ex.o
HAL_PWREx_EnableFlashPowerDown                    build/stm32c0xx_hal_pwr_ex.o
HAL_PWREx_EnableGPIOPullDown                      build/stm32c0xx_hal_pwr_ex.o
HAL_PWREx_EnableGPIOPullUp                        build/stm32c0xx_hal_pwr_ex.o
HAL_PWREx_EnableInternalWakeUpLine                build/stm32c0xx_hal_pwr_ex.o
HAL_PWREx_EnablePullUpPullDownConfig              build/stm32c0xx_hal_pwr_ex.o
HAL_PWREx_EnterSHUTDOWNMode                       build/stm32c0xx_hal_pwr_ex.o
HAL_PWR_DeInit                                    build/stm32c0xx_hal_pwr.o
HAL_PWR_DisableSEVOnPend                          build/stm32c0xx_hal_pwr.o
HAL_PWR_DisableSleepOnExit                        build/stm32c0xx_hal_pwr.o
HAL_PWR_DisableWakeUpPin                          build/stm32c0xx_hal_pwr.o
HAL_PWR_EnableSEVOnPend                           build/stm32c0xx_hal_pwr.o
HAL_PWR_EnableSleepOnExit                         build/stm32c0xx_hal_pwr.o
HAL_PWR_EnableWakeUpPin                           build/stm32c0xx_hal_pwr.o
HAL_PWR_EnterSLEEPMode                            build/stm32c0xx_hal_pwr.o
HAL_PWR_EnterSTANDBYMode                          build/stm32c0xx_hal_pwr.o
HAL_PWR_EnterSTOPMode                             build/stm32c0xx_hal_pwr.o
HAL_RCCEx_DisableLSCO                             build/stm32c0xx_hal_rcc_ex.o
HAL_RCCEx_EnableLSCO                              build/stm32c0xx_hal_rcc_ex.o
HAL_RCCEx_GetPeriphCLKConfig                      build/stm32c0xx_hal_rcc_ex.o
HAL_RCCEx_GetPeriphCLKFreq                        build/stm32c0xx_hal_rcc_ex.o
HAL_RCCEx_PeriphCLKConfig                         build/stm32c0xx_hal_rcc_ex.o
                                                  build/i2c.o
HAL_RCC_CSSCallback                               build/stm32c0xx_hal_rcc.o
HAL_RCC_ClockConfig                               build/stm32c0xx_hal_rcc.o
                                                  build/main.o
HAL_RCC_DeInit                                    build/stm32c0xx_hal_rcc.o
HAL_RCC_DisableLSECSS                             build/stm32c0xx_hal_rcc.o
HAL_RCC_EnableCSS                                 build/stm32c0xx_hal_rcc.o
HAL_RCC_EnableLSECSS                              build/stm32c0xx_hal_rcc.o
HAL_RCC_GetClockConfig                            build/stm32c0xx_hal_rcc.o
HAL_RCC_GetHCLKFreq                               build/stm32c0xx_hal_rcc.o
HAL_RCC_GetOscConfig                              build/stm32c0xx_hal_rcc.o
HAL_RCC_GetPCLK1Freq                              build/stm32c0xx_hal_rcc.o
                                                  build/stm32c0xx_hal_uart.o
                                                  build/stm32c0xx_hal_rcc_ex.o
HAL_RCC_GetSysClockFreq                           build/stm32c0xx_hal_rcc.o
                                                  build/stm32c0xx_hal_uart.o
                                                  build/stm32c0xx_hal_rcc_ex.o
HAL_RCC_LSECSSCallback                            build/stm32c0xx_hal_rcc.o
HAL_RCC_MCOConfig                                 build/stm32c0xx_hal_rcc.o
HAL_RCC_NMI_IRQHandler                            build/stm32c0xx_hal_rcc.o
HAL_RCC_OscConfig                                 build/stm32c0xx_hal_rcc.o
                                                  build/main.o
HAL_RS485Ex_Init                                  build/stm32c0xx_hal_uart_ex.o
HAL_ResumeTick                                    build/stm32c0xx_hal.o
HAL_SPI_Abort                                     build/stm32c0xx_hal_spi.o
HAL_SPI_AbortCpltCallback                         build/stm32c0xx_hal_spi.o
HAL_SPI_Abort_IT                                  build/stm32c0xx_hal_spi.o
HAL_SPI_DMAPause                                  build/stm32c0xx_hal_spi.o
HAL_SPI_DMAResume                                 build/stm32c0xx_hal_spi.o
HAL_SPI_DMAStop                                   build/stm32c0xx_hal_spi.o
HAL_SPI_DeInit                                    build/stm32c0xx_hal_spi.o
HAL_SPI_ErrorCallback                             build/stm32c0xx_hal_spi.o
HAL_SPI_GetError                                  build/stm32c0xx_hal_spi.o
HAL_SPI_GetState                                  build/stm32c0xx_hal_spi.o
HAL_SPI_IRQHandler                                build/stm32c0xx_hal_spi.o
HAL_SPI_Init                                      build/stm32c0xx_hal_spi.o
                                                  build/spi.o
HAL_SPI_MspDeInit                                 build/stm32c0xx_hal_spi.o
HAL_SPI_MspInit                                   build/stm32c0xx_hal_spi.o
HAL_SPI_Receive                                   build/stm32c0xx_hal_spi.o
HAL_SPI_Receive_DMA                               build/stm32c0xx_hal_spi.o
HAL_SPI_Receive_IT                                build/stm32c0xx_hal_spi.o
HAL_SPI_RxCpltCallback                            build/stm32c0xx_hal_spi.o
HAL_SPI_RxHalfCpltCallback                        build/stm32c0xx_hal_spi.o
HAL_SPI_Transmit                                  build/stm32c0xx_hal_spi.o
                                                  build/main.o
HAL_SPI_TransmitReceive                           build/stm32c0xx_hal_spi.o
HAL_SPI_TransmitReceive_DMA                       build/stm32c0xx_hal_spi.o
HAL_SPI_TransmitReceive_IT                        build/stm32c0xx_hal_spi.o
HAL_SPI_Transmit_DMA                              build/stm32c0xx_hal_spi.o
HAL_SPI_Transmit_IT                               build/stm32c0xx_hal_spi.o
HAL_SPI_TxCpltCallback                            build/stm32c0xx_hal_spi.o
HAL_SPI_TxHalfCpltCallback                        build/stm32c0xx_hal_spi.o
HAL_SPI_TxRxCpltCallback                          build/stm32c0xx_hal_spi.o
HAL_SPI_TxRxHalfCpltCallback                      build/stm32c0xx_hal_spi.o
HAL_SYSCFG_DisableRemap                           build/stm32c0xx_hal.o
HAL_SYSCFG_EnableRemap                            build/stm32c0xx_hal.o
HAL_SYSCFG_GetPinBinding                          build/stm32c0xx_hal.o
HAL_SYSCFG_SetPinBinding                          build/stm32c0xx_hal.o
HAL_SYSTICK_CLKSourceConfig                       build/stm32c0xx_hal_cortex.o
HAL_SYSTICK_Callback                              build/stm32c0xx_hal_cortex.o
HAL_SYSTICK_Config                                build/stm32c0xx_hal_cortex.o
                                                  build/stm32c0xx_hal.o
HAL_SYSTICK_IRQHandler                            build/stm32c0xx_hal_cortex.o
HAL_SetTickFreq                                   build/stm32c0xx_hal.o
HAL_SuspendTick                                   build/stm32c0xx_hal.o
HAL_UARTEx_DisableFifoMode                        build/stm32c0xx_hal_uart_ex.o
HAL_UARTEx_DisableStopMode                        build/stm32c0xx_hal_uart_ex.o
HAL_UARTEx_EnableFifoMode                         build/stm32c0xx_hal_uart_ex.o
HAL_UARTEx_EnableStopMode                         build/stm32c0xx_hal_uart_ex.o
HAL_UARTEx_GetRxEventType                         build/stm32c0xx_hal_uart_ex.o
HAL_UARTEx_ReceiveToIdle                          build/stm32c0xx_hal_uart_ex.o
HAL_UARTEx_ReceiveToIdle_DMA                      build/stm32c0xx_hal_uart_ex.o
HAL_UARTEx_ReceiveToIdle_IT                       build/stm32c0xx_hal_uart_ex.o
HAL_UARTEx_RxEventCallback                        build/stm32c0xx_hal_uart.o
HAL_UARTEx_RxFifoFullCallback                     build/stm32c0xx_hal_uart_ex.o
                                                  build/stm32c0xx_hal_uart.o
HAL_UARTEx_SetRxFifoThreshold                     build/stm32c0xx_hal_uart_ex.o
HAL_UARTEx_SetTxFifoThreshold                     build/stm32c0xx_hal_uart_ex.o
HAL_UARTEx_StopModeWakeUpSourceConfig             build/stm32c0xx_hal_uart_ex.o
HAL_UARTEx_TxFifoEmptyCallback                    build/stm32c0xx_hal_uart_ex.o
                                                  build/stm32c0xx_hal_uart.o
HAL_UARTEx_WakeupCallback                         build/stm32c0xx_hal_uart_ex.o
                                                  build/stm32c0xx_hal_uart.o
HAL_UART_Abort                                    build/stm32c0xx_hal_uart.o
HAL_UART_AbortCpltCallback                        build/stm32c0xx_hal_uart.o
HAL_UART_AbortReceive                             build/stm32c0xx_hal_uart.o
HAL_UART_AbortReceiveCpltCallback                 build/stm32c0xx_hal_uart.o
HAL_UART_AbortReceive_IT                          build/stm32c0xx_hal_uart.o
HAL_UART_AbortTransmit                            build/stm32c0xx_hal_uart.o
HAL_UART_AbortTransmitCpltCallback                build/stm32c0xx_hal_uart.o
HAL_UART_AbortTransmit_IT                         build/stm32c0xx_hal_uart.o
HAL_UART_Abort_IT                                 build/stm32c0xx_hal_uart.o
HAL_UART_DMAPause                                 build/stm32c0xx_hal_uart.o
HAL_UART_DMAResume                                build/stm32c0xx_hal_uart.o
HAL_UART_DMAStop                                  build/stm32c0xx_hal_uart.o
HAL_UART_DeInit                                   build/stm32c0xx_hal_uart.o
                                                  build/stm32c0xx_nucleo.o
HAL_UART_DisableReceiverTimeout                   build/stm32c0xx_hal_uart.o
HAL_UART_EnableReceiverTimeout                    build/stm32c0xx_hal_uart.o
HAL_UART_ErrorCallback                            build/stm32c0xx_hal_uart.o
HAL_UART_GetError                                 build/stm32c0xx_hal_uart.o
HAL_UART_GetState                                 build/stm32c0xx_hal_uart.o
HAL_UART_IRQHandler                               build/stm32c0xx_hal_uart.o
HAL_UART_Init                                     build/stm32c0xx_hal_uart.o
                                                  build/stm32c0xx_nucleo.o
                                                  build/usart.o
HAL_UART_MspDeInit                                build/stm32c0xx_hal_uart.o
HAL_UART_MspInit                                  build/stm32c0xx_hal_uart.o
                                                  build/stm32c0xx_hal_uart_ex.o
HAL_UART_Receive                                  build/stm32c0xx_hal_uart.o
HAL_UART_Receive_DMA                              build/stm32c0xx_hal_uart.o
HAL_UART_Receive_IT                               build/stm32c0xx_hal_uart.o
HAL_UART_ReceiverTimeout_Config                   build/stm32c0xx_hal_uart.o
HAL_UART_RxCpltCallback                           build/stm32c0xx_hal_uart.o
HAL_UART_RxHalfCpltCallback                       build/stm32c0xx_hal_uart.o
HAL_UART_Transmit                                 build/stm32c0xx_hal_uart.o
                                                  build/stm32c0xx_nucleo.o
                                                  build/main.o
HAL_UART_Transmit_DMA                             build/stm32c0xx_hal_uart.o
HAL_UART_Transmit_IT                              build/stm32c0xx_hal_uart.o
HAL_UART_TxCpltCallback                           build/stm32c0xx_hal_uart.o
HAL_UART_TxHalfCpltCallback                       build/stm32c0xx_hal_uart.o
HardFault_Handler                                 build/stm32c0xx_it.o
I2C1_IRQHandler                                   build/startup_stm32c031xx.o
MX_GPIO_Init                                      build/gpio.o
                                                  build/main.o
MX_I2C1_Init                                      build/i2c.o
                                                  build/main.o
MX_SPI1_Init                                      build/spi.o
                                                  build/main.o
MX_USART1_UART_Init                               build/usart.o
                                                  build/main.o
MX_USART2_Init                                    build/stm32c0xx_nucleo.o
NMI_Handler                                       build/stm32c0xx_it.o
PendSV_Handler                                    build/stm32c0xx_it.o
RCC_IRQHandler                                    build/startup_stm32c031xx.o
RTC_IRQHandler                                    build/startup_stm32c031xx.o
Reset_Handler                                     build/startup_stm32c031xx.o
SPI1_IRQHandler                                   build/startup_stm32c031xx.o
SVC_Handler                                       build/stm32c0xx_it.o
SysTick_Handler                                   build/stm32c0xx_it.o
SystemClock_Config                                build/main.o
SystemCoreClock                                   build/system_stm32c0xx.o
                                                  build/stm32c0xx_hal_rcc.o
                                                  build/stm32c0xx_hal_spi.o
                                                  build/stm32c0xx_hal.o
SystemCoreClockUpdate                             build/system_stm32c0xx.o
SystemInit                                        build/system_stm32c0xx.o
                                                  build/startup_stm32c031xx.o
TIM14_IRQHandler                                  build/startup_stm32c031xx.o
TIM16_IRQHandler                                  build/startup_stm32c031xx.o
TIM17_IRQHandler                                  build/startup_stm32c031xx.o
TIM1_BRK_UP_TRG_COM_IRQHandler                    build/startup_stm32c031xx.o
TIM1_CC_IRQHandler                                build/startup_stm32c031xx.o
TIM3_IRQHandler                                   build/startup_stm32c031xx.o
UARTPrescTable                                    build/stm32c0xx_hal_uart.o
UART_AdvFeatureConfig                             build/stm32c0xx_hal_uart.o
                                                  build/stm32c0xx_hal_uart_ex.o
UART_CheckIdleState                               build/stm32c0xx_hal_uart.o
                                                  build/stm32c0xx_hal_uart_ex.o
UART_SetConfig                                    build/stm32c0xx_hal_uart.o
                                                  build/stm32c0xx_hal_uart_ex.o
UART_Start_Receive_DMA                            build/stm32c0xx_hal_uart.o
                                                  build/stm32c0xx_hal_uart_ex.o
UART_Start_Receive_IT                             build/stm32c0xx_hal_uart.o
                                                  build/stm32c0xx_hal_uart_ex.o
UART_WaitOnFlagUntilTimeout                       build/stm32c0xx_hal_uart.o
                                                  build/stm32c0xx_hal_uart_ex.o
USART1_IRQHandler                                 build/startup_stm32c031xx.o
USART2_IRQHandler                                 build/startup_stm32c031xx.o
WWDG_IRQHandler                                   build/startup_stm32c031xx.o
__aeabi_idiv                                      d:/program files (x86)/gnu arm embedded toolchain/10 2021.10/bin/../lib/gcc/arm-none-eabi/10.3.1/thumb/v6-m/nofp\libgcc.a(_divsi3.o)
                                                  build/stm32c0xx_hal_uart_ex.o
__aeabi_idiv0                                     d:/program files (x86)/gnu arm embedded toolchain/10 2021.10/bin/../lib/gcc/arm-none-eabi/10.3.1/thumb/v6-m/nofp\libgcc.a(_dvmd_tls.o)
                                                  d:/program files (x86)/gnu arm embedded toolchain/10 2021.10/bin/../lib/gcc/arm-none-eabi/10.3.1/thumb/v6-m/nofp\libgcc.a(_divsi3.o)
                                                  d:/program files (x86)/gnu arm embedded toolchain/10 2021.10/bin/../lib/gcc/arm-none-eabi/10.3.1/thumb/v6-m/nofp\libgcc.a(_udivsi3.o)
__aeabi_idivmod                                   d:/program files (x86)/gnu arm embedded toolchain/10 2021.10/bin/../lib/gcc/arm-none-eabi/10.3.1/thumb/v6-m/nofp\libgcc.a(_divsi3.o)
__aeabi_ldiv0                                     d:/program files (x86)/gnu arm embedded toolchain/10 2021.10/bin/../lib/gcc/arm-none-eabi/10.3.1/thumb/v6-m/nofp\libgcc.a(_dvmd_tls.o)
__aeabi_uidiv                                     d:/program files (x86)/gnu arm embedded toolchain/10 2021.10/bin/../lib/gcc/arm-none-eabi/10.3.1/thumb/v6-m/nofp\libgcc.a(_udivsi3.o)
                                                  build/stm32c0xx_hal_uart.o
                                                  build/stm32c0xx_hal_dma.o
                                                  build/stm32c0xx_hal_rcc_ex.o
                                                  build/stm32c0xx_hal_spi.o
                                                  build/stm32c0xx_hal.o
__aeabi_uidivmod                                  d:/program files (x86)/gnu arm embedded toolchain/10 2021.10/bin/../lib/gcc/arm-none-eabi/10.3.1/thumb/v6-m/nofp\libgcc.a(_udivsi3.o)
                                                  d:/program files (x86)/gnu arm embedded toolchain/10 2021.10/bin/../lib/gcc/arm-none-eabi/10.3.1/../../../../arm-none-eabi/lib/thumb/v6-m/nofp\libc_nano.a(lib_a-nano-vfprintf_i.o)
__bss_end__                                       d:/program files (x86)/gnu arm embedded toolchain/10 2021.10/bin/../lib/gcc/arm-none-eabi/10.3.1/../../../../arm-none-eabi/lib/thumb/v6-m/nofp/crt0.o
__bss_start__                                     d:/program files (x86)/gnu arm embedded toolchain/10 2021.10/bin/../lib/gcc/arm-none-eabi/10.3.1/../../../../arm-none-eabi/lib/thumb/v6-m/nofp/crt0.o
__call_exitprocs                                  d:/program files (x86)/gnu arm embedded toolchain/10 2021.10/bin/../lib/gcc/arm-none-eabi/10.3.1/../../../../arm-none-eabi/lib/thumb/v6-m/nofp\libc_nano.a(lib_a-exit.o)
__deregister_frame_info                           d:/program files (x86)/gnu arm embedded toolchain/10 2021.10/bin/../lib/gcc/arm-none-eabi/10.3.1/thumb/v6-m/nofp/crtbegin.o
__divsi3                                          d:/program files (x86)/gnu arm embedded toolchain/10 2021.10/bin/../lib/gcc/arm-none-eabi/10.3.1/thumb/v6-m/nofp\libgcc.a(_divsi3.o)
__dso_handle                                      d:/program files (x86)/gnu arm embedded toolchain/10 2021.10/bin/../lib/gcc/arm-none-eabi/10.3.1/thumb/v6-m/nofp/crtbegin.o
__gnu_thumb1_case_shi                             d:/program files (x86)/gnu arm embedded toolchain/10 2021.10/bin/../lib/gcc/arm-none-eabi/10.3.1/thumb/v6-m/nofp\libgcc.a(_thumb1_case_shi.o)
                                                  d:/program files (x86)/gnu arm embedded toolchain/10 2021.10/bin/../lib/gcc/arm-none-eabi/10.3.1/../../../../arm-none-eabi/lib/thumb/v6-m/nofp\libc_nano.a(lib_a-nano-vfprintf_i.o)
__init_array_end                                  d:/program files (x86)/gnu arm embedded toolchain/10 2021.10/bin/../lib/gcc/arm-none-eabi/10.3.1/../../../../arm-none-eabi/lib/thumb/v6-m/nofp\libc_nano.a(lib_a-init.o)
__init_array_start                                d:/program files (x86)/gnu arm embedded toolchain/10 2021.10/bin/../lib/gcc/arm-none-eabi/10.3.1/../../../../arm-none-eabi/lib/thumb/v6-m/nofp\libc_nano.a(lib_a-init.o)
__io_putchar                                      build/stm32c0xx_nucleo.o
__libc_fini_array                                 d:/program files (x86)/gnu arm embedded toolchain/10 2021.10/bin/../lib/gcc/arm-none-eabi/10.3.1/../../../../arm-none-eabi/lib/thumb/v6-m/nofp/crt0.o
__libc_init_array                                 d:/program files (x86)/gnu arm embedded toolchain/10 2021.10/bin/../lib/gcc/arm-none-eabi/10.3.1/../../../../arm-none-eabi/lib/thumb/v6-m/nofp\libc_nano.a(lib_a-init.o)
                                                  build/startup_stm32c031xx.o
                                                  d:/program files (x86)/gnu arm embedded toolchain/10 2021.10/bin/../lib/gcc/arm-none-eabi/10.3.1/../../../../arm-none-eabi/lib/thumb/v6-m/nofp/crt0.o
__lock___arc4random_mutex                         d:/program files (x86)/gnu arm embedded toolchain/10 2021.10/bin/../lib/gcc/arm-none-eabi/10.3.1/../../../../arm-none-eabi/lib/thumb/v6-m/nofp\libc_nano.a(lib_a-lock.o)
__lock___at_quick_exit_mutex                      d:/program files (x86)/gnu arm embedded toolchain/10 2021.10/bin/../lib/gcc/arm-none-eabi/10.3.1/../../../../arm-none-eabi/lib/thumb/v6-m/nofp\libc_nano.a(lib_a-lock.o)
__lock___atexit_recursive_mutex                   d:/program files (x86)/gnu arm embedded toolchain/10 2021.10/bin/../lib/gcc/arm-none-eabi/10.3.1/../../../../arm-none-eabi/lib/thumb/v6-m/nofp\libc_nano.a(lib_a-lock.o)
__lock___dd_hash_mutex                            d:/program files (x86)/gnu arm embedded toolchain/10 2021.10/bin/../lib/gcc/arm-none-eabi/10.3.1/../../../../arm-none-eabi/lib/thumb/v6-m/nofp\libc_nano.a(lib_a-lock.o)
__lock___env_recursive_mutex                      d:/program files (x86)/gnu arm embedded toolchain/10 2021.10/bin/../lib/gcc/arm-none-eabi/10.3.1/../../../../arm-none-eabi/lib/thumb/v6-m/nofp\libc_nano.a(lib_a-lock.o)
__lock___malloc_recursive_mutex                   d:/program files (x86)/gnu arm embedded toolchain/10 2021.10/bin/../lib/gcc/arm-none-eabi/10.3.1/../../../../arm-none-eabi/lib/thumb/v6-m/nofp\libc_nano.a(lib_a-lock.o)